Archive member included to satisfy reference by file (symbol)

/usr/lib/gcc/arm-none-eabi/9.2.1/thumb/v6-m/nofp/libgcc.a(_dvmd_tls.o)
                              CMakeFiles/RaspberryPiPicoOS.dir/home/evandro/pico/pico-sdk/src/rp2_common/pico_divider/divider.S.obj (__aeabi_idiv0)
/usr/lib/gcc/arm-none-eabi/9.2.1/../../../arm-none-eabi/lib/thumb/v6-m/nofp/libg.a(lib_a-atexit.o)
                              /usr/lib/gcc/arm-none-eabi/9.2.1/../../../arm-none-eabi/lib/thumb/v6-m/nofp/crt0.o (atexit)
/usr/lib/gcc/arm-none-eabi/9.2.1/../../../arm-none-eabi/lib/thumb/v6-m/nofp/libg.a(lib_a-calloc.o)
                              CMakeFiles/RaspberryPiPicoOS.dir/home/evandro/pico/pico-sdk/src/rp2_common/pico_malloc/pico_malloc.c.obj (calloc)
/usr/lib/gcc/arm-none-eabi/9.2.1/../../../arm-none-eabi/lib/thumb/v6-m/nofp/libg.a(lib_a-callocr.o)
                              /usr/lib/gcc/arm-none-eabi/9.2.1/../../../arm-none-eabi/lib/thumb/v6-m/nofp/libg.a(lib_a-calloc.o) (_calloc_r)
/usr/lib/gcc/arm-none-eabi/9.2.1/../../../arm-none-eabi/lib/thumb/v6-m/nofp/libg.a(lib_a-fini.o)
                              /usr/lib/gcc/arm-none-eabi/9.2.1/../../../arm-none-eabi/lib/thumb/v6-m/nofp/crt0.o (__libc_fini_array)
/usr/lib/gcc/arm-none-eabi/9.2.1/../../../arm-none-eabi/lib/thumb/v6-m/nofp/libg.a(lib_a-impure.o)
                              /usr/lib/gcc/arm-none-eabi/9.2.1/../../../arm-none-eabi/lib/thumb/v6-m/nofp/libg.a(lib_a-calloc.o) (_impure_ptr)
/usr/lib/gcc/arm-none-eabi/9.2.1/../../../arm-none-eabi/lib/thumb/v6-m/nofp/libg.a(lib_a-init.o)
                              /usr/lib/gcc/arm-none-eabi/9.2.1/../../../arm-none-eabi/lib/thumb/v6-m/nofp/crt0.o (__libc_init_array)
/usr/lib/gcc/arm-none-eabi/9.2.1/../../../arm-none-eabi/lib/thumb/v6-m/nofp/libg.a(lib_a-malloc.o)
                              CMakeFiles/RaspberryPiPicoOS.dir/home/evandro/pico/pico-sdk/src/rp2_common/pico_malloc/pico_malloc.c.obj (malloc)
/usr/lib/gcc/arm-none-eabi/9.2.1/../../../arm-none-eabi/lib/thumb/v6-m/nofp/libg.a(lib_a-mallocr.o)
                              /usr/lib/gcc/arm-none-eabi/9.2.1/../../../arm-none-eabi/lib/thumb/v6-m/nofp/libg.a(lib_a-callocr.o) (_malloc_r)
/usr/lib/gcc/arm-none-eabi/9.2.1/../../../arm-none-eabi/lib/thumb/v6-m/nofp/libg.a(lib_a-mlock.o)
                              /usr/lib/gcc/arm-none-eabi/9.2.1/../../../arm-none-eabi/lib/thumb/v6-m/nofp/libg.a(lib_a-mallocr.o) (__malloc_lock)
/usr/lib/gcc/arm-none-eabi/9.2.1/../../../arm-none-eabi/lib/thumb/v6-m/nofp/libg.a(lib_a-sbrkr.o)
                              /usr/lib/gcc/arm-none-eabi/9.2.1/../../../arm-none-eabi/lib/thumb/v6-m/nofp/libg.a(lib_a-mallocr.o) (_sbrk_r)
/usr/lib/gcc/arm-none-eabi/9.2.1/../../../arm-none-eabi/lib/thumb/v6-m/nofp/libg.a(lib_a-strlen-stub.o)
                              CMakeFiles/RaspberryPiPicoOS.dir/home/evandro/pico/pico-sdk/src/rp2_common/pico_stdio/stdio.c.obj (strlen)
/usr/lib/gcc/arm-none-eabi/9.2.1/../../../arm-none-eabi/lib/thumb/v6-m/nofp/libg.a(lib_a-__atexit.o)
                              /usr/lib/gcc/arm-none-eabi/9.2.1/../../../arm-none-eabi/lib/thumb/v6-m/nofp/libg.a(lib_a-atexit.o) (__register_exitproc)
/usr/lib/gcc/arm-none-eabi/9.2.1/../../../arm-none-eabi/lib/thumb/v6-m/nofp/libg.a(lib_a-freer.o)
                              /usr/lib/gcc/arm-none-eabi/9.2.1/../../../arm-none-eabi/lib/thumb/v6-m/nofp/libg.a(lib_a-malloc.o) (_free_r)
/usr/lib/gcc/arm-none-eabi/9.2.1/../../../arm-none-eabi/lib/thumb/v6-m/nofp/libg.a(lib_a-reent.o)
                              /usr/lib/gcc/arm-none-eabi/9.2.1/../../../arm-none-eabi/lib/thumb/v6-m/nofp/libg.a(lib_a-sbrkr.o) (errno)

Allocating common symbols
Common symbol       size              file

sf_table            0x100             CMakeFiles/RaspberryPiPicoOS.dir/home/evandro/pico/pico-sdk/src/rp2_common/pico_float/float_init_rom.c.obj
errno               0x4               /usr/lib/gcc/arm-none-eabi/9.2.1/../../../arm-none-eabi/lib/thumb/v6-m/nofp/libg.a(lib_a-reent.o)
sf_clz_func         0x4               CMakeFiles/RaspberryPiPicoOS.dir/home/evandro/pico/pico-sdk/src/rp2_common/pico_float/float_init_rom.c.obj
sd_table            0x100             CMakeFiles/RaspberryPiPicoOS.dir/home/evandro/pico/pico-sdk/src/rp2_common/pico_double/double_init_rom.c.obj
uart_char_to_line_feed
                    0x4               CMakeFiles/RaspberryPiPicoOS.dir/home/evandro/pico/pico-sdk/src/rp2_common/hardware_uart/uart.c.obj

Discarded input sections

 .text          0x0000000000000000        0x0 /usr/lib/gcc/arm-none-eabi/9.2.1/thumb/v6-m/nofp/crti.o
 .data          0x0000000000000000        0x0 /usr/lib/gcc/arm-none-eabi/9.2.1/thumb/v6-m/nofp/crti.o
 .bss           0x0000000000000000        0x0 /usr/lib/gcc/arm-none-eabi/9.2.1/thumb/v6-m/nofp/crti.o
 .data          0x0000000000000000        0x4 /usr/lib/gcc/arm-none-eabi/9.2.1/thumb/v6-m/nofp/crtbegin.o
 .fini_array    0x0000000000000000        0x4 /usr/lib/gcc/arm-none-eabi/9.2.1/thumb/v6-m/nofp/crtbegin.o
[...]
Memory Configuration

Name             Origin             Length             Attributes
FLASH            0x0000000010000000 0x0000000000200000 xr
RAM              0x0000000020000000 0x0000000000040000 xrw
SCRATCH_X        0x0000000020040000 0x0000000000001000 xrw
SCRATCH_Y        0x0000000020041000 0x0000000000001000 xrw
*default*        0x0000000000000000 0xffffffffffffffff

Linker script and memory map

LOAD /usr/lib/gcc/arm-none-eabi/9.2.1/thumb/v6-m/nofp/crti.o
LOAD /usr/lib/gcc/arm-none-eabi/9.2.1/thumb/v6-m/nofp/crtbegin.o
LOAD /usr/lib/gcc/arm-none-eabi/9.2.1/../../../arm-none-eabi/lib/thumb/v6-m/nofp/crt0.o

.flash_begin    0x0000000010000000        0x0
                0x0000000010000000                __flash_binary_start = .

.boot2          0x0000000010000000      0x100
                0x0000000010000000                __boot2_start__ = .
 *(.boot2)
 .boot2         0x0000000010000000      0x100 /tmp/cc2PT8RQ.o
                0x0000000010000100                __boot2_end__ = .
                0x0000000000000001                ASSERT (((__boot2_end__ - __boot2_start__) == 0x100), ERROR: Pico second stage bootloader must be 256 bytes in size)

.text           0x0000000010000100     0x43e8
                0x0000000010000100                __logical_binary_start = .
 *(.vectors)
 .vectors       0x0000000010000100       0xd4 CMakeFiles/RaspberryPiPicoOS.dir/home/evandro/pico/pico-sdk/src/rp2_common/pico_standard_link/crt0.S.obj
                0x0000000010000100                __vectors
                0x0000000010000100                __VECTOR_TABLE
                0x00000000100001c0                isr_invalid
                0x00000000100001c0                __default_isrs_start
                0x00000000100001c2                isr_nmi
                0x00000000100001c4                isr_hardfault
                0x00000000100001c6                isr_svcall
                0x00000000100001c8                isr_pendsv
                0x00000000100001ca                isr_systick
                0x00000000100001cc                isr_irq30
                0x00000000100001cc                __unhandled_user_irq
                0x00000000100001cc                isr_irq13
                0x00000000100001cc                isr_irq27
                0x00000000100001cc                isr_irq31
                0x00000000100001cc                isr_irq5
                0x00000000100001cc                isr_irq11
                0x00000000100001cc                isr_irq23
                0x00000000100001cc                isr_irq18
                0x00000000100001cc                isr_irq28
                0x00000000100001cc                isr_irq19
                0x00000000100001cc                isr_irq0
                0x00000000100001cc                isr_irq6
                0x00000000100001cc                isr_irq22
                0x00000000100001cc                isr_irq17
                0x00000000100001cc                isr_irq14
                0x00000000100001cc                isr_irq2
                0x00000000100001cc                isr_irq10
                0x00000000100001cc                isr_irq8
                0x00000000100001cc                isr_irq24
                0x00000000100001cc                isr_irq1
                0x00000000100001cc                isr_irq7
                0x00000000100001cc                isr_irq21
                0x00000000100001cc                isr_irq20
                0x00000000100001cc                isr_irq15
                0x00000000100001cc                isr_irq25
                0x00000000100001cc                isr_irq4
                0x00000000100001cc                isr_irq16
                0x00000000100001cc                isr_irq29
                0x00000000100001cc                isr_irq26
                0x00000000100001cc                __default_isrs_end
                0x00000000100001cc                isr_irq3
                0x00000000100001cc                isr_irq12
                0x00000000100001cc                isr_irq9
                0x00000000100001d2                unhandled_user_irq_num_in_r0
 *(.binary_info_header)
 .binary_info_header
                0x00000000100001d4       0x14 CMakeFiles/RaspberryPiPicoOS.dir/home/evandro/pico/pico-sdk/src/rp2_common/pico_standard_link/crt0.S.obj
                0x00000000100001e8                __binary_info_header_end = .
 *(.reset)
 .reset         0x00000000100001e8       0xa8 CMakeFiles/RaspberryPiPicoOS.dir/home/evandro/pico/pico-sdk/src/rp2_common/pico_standard_link/crt0.S.obj
                0x00000000100001e8                _entry_point
                0x0000000010000266                __get_current_exception
 .reset         0x0000000010000290       0x30 CMakeFiles/RaspberryPiPicoOS.dir/home/evandro/pico/pico-sdk/src/rp2_common/pico_standard_link/binary_info.c.obj
 *(.init)
 .init          0x00000000100002c0        0x4 /usr/lib/gcc/arm-none-eabi/9.2.1/thumb/v6-m/nofp/crti.o
                0x00000000100002c0                _init
 *(EXCLUDE_FILE(*libm.a: *libc.a:*lib_a-mem*.o *libgcc.a:) .text*)
 .text          0x00000000100002c4       0x98 /usr/lib/gcc/arm-none-eabi/9.2.1/thumb/v6-m/nofp/crtbegin.o
 .text._Z9App_TaskAv
                0x000000001000035c       0x28 CMakeFiles/RaspberryPiPicoOS.dir/main.cpp.obj
                0x000000001000035c                App_TaskA()
 .text._Z9App_TaskBv
                0x0000000010000384       0x28 CMakeFiles/RaspberryPiPicoOS.dir/main.cpp.obj
                0x0000000010000384                App_TaskB()
 .text._Z9App_TaskCv
                0x00000000100003ac       0x28 CMakeFiles/RaspberryPiPicoOS.dir/main.cpp.obj
                0x00000000100003ac                App_TaskC()
 .text._Z9App_TaskDv
                0x00000000100003d4       0x28 CMakeFiles/RaspberryPiPicoOS.dir/main.cpp.obj
                0x00000000100003d4                App_TaskD()
 .text._Z9App_TaskEv
                0x00000000100003fc       0x28 CMakeFiles/RaspberryPiPicoOS.dir/main.cpp.obj
                0x00000000100003fc                App_TaskE()
 .text._Z9App_TaskFv
                0x0000000010000424       0x28 CMakeFiles/RaspberryPiPicoOS.dir/main.cpp.obj
                0x0000000010000424                App_TaskF()
 .text.main     0x000000001000044c       0x9c CMakeFiles/RaspberryPiPicoOS.dir/main.cpp.obj
                0x000000001000044c                main
 .text._Z8IrqTimerv
                0x00000000100004e8       0x3c CMakeFiles/RaspberryPiPicoOS.dir/Kernel.cpp.obj
                0x00000000100004e8                IrqTimer()
 .text._Z41__static_initialization_and_destruction_0ii
                0x0000000010000524       0x20 CMakeFiles/RaspberryPiPicoOS.dir/Kernel.cpp.obj
 .text._Z9Schedulerh
                0x0000000010000544        0x2 CMakeFiles/RaspberryPiPicoOS.dir/Kernel.cpp.obj
                0x0000000010000544                Scheduler(unsigned char)
 *fill*         0x0000000010000546        0x2 
 .text._ZN6Kernel4InitEv
                0x0000000010000548       0x5c CMakeFiles/RaspberryPiPicoOS.dir/Kernel.cpp.obj
                0x0000000010000548                Kernel::Init()
 .text._ZN6Kernel7AddTaskEPFvvEPh10coreTask_t
                0x00000000100005a4       0x50 CMakeFiles/RaspberryPiPicoOS.dir/Kernel.cpp.obj
                0x00000000100005a4                Kernel::AddTask(void (*)(), unsigned char*, coreTask_t)
 .text._ZN6Kernel7ReleaseEh
                0x00000000100005f4       0x24 CMakeFiles/RaspberryPiPicoOS.dir/Kernel.cpp.obj
                0x00000000100005f4                Kernel::Release(unsigned char)
 .text._ZN6Kernel10TaskUnlockEh
                0x0000000010000618       0x24 CMakeFiles/RaspberryPiPicoOS.dir/Kernel.cpp.obj
                0x0000000010000618                Kernel::TaskUnlock(unsigned char)
 .text._Z7MainCPUv
                0x000000001000063c       0x4c CMakeFiles/RaspberryPiPicoOS.dir/Kernel.cpp.obj
                0x000000001000063c                MainCPU()
 .text._ZN6Kernel3RunEv
                0x0000000010000688        0x6 CMakeFiles/RaspberryPiPicoOS.dir/Kernel.cpp.obj
                0x0000000010000688                Kernel::Run()
 *fill*         0x000000001000068e        0x2 
 .text._Z12SecondaryCPUv
                0x0000000010000690       0x4c CMakeFiles/RaspberryPiPicoOS.dir/Kernel.cpp.obj
                0x0000000010000690                SecondaryCPU()
 .text._GLOBAL__sub_I_PicoOs
                0x00000000100006dc       0x10 CMakeFiles/RaspberryPiPicoOS.dir/Kernel.cpp.obj
 .text._ZN13TimerSysTicks4InitEv
                0x00000000100006ec       0x20 CMakeFiles/RaspberryPiPicoOS.dir/Timer.cpp.obj
                0x00000000100006ec                TimerSysTicks::Init()
 .text._ZN13TimerSysTicks12SetCallbacksEPFvvE
                0x000000001000070c       0x20 CMakeFiles/RaspberryPiPicoOS.dir/Timer.cpp.obj
                0x000000001000070c                TimerSysTicks::SetCallbacks(void (*)())
 .text.gpio_set_function
                0x000000001000072c       0x30 CMakeFiles/RaspberryPiPicoOS.dir/home/evandro/pico/pico-sdk/src/rp2_common/hardware_gpio/gpio.c.obj
                0x000000001000072c                gpio_set_function
 .text.hw_claim_lock
                0x000000001000075c       0x18 CMakeFiles/RaspberryPiPicoOS.dir/home/evandro/pico/pico-sdk/src/rp2_common/hardware_claim/claim.c.obj
                0x000000001000075c                hw_claim_lock
 .text.hw_claim_unlock
                0x0000000010000774       0x14 CMakeFiles/RaspberryPiPicoOS.dir/home/evandro/pico/pico-sdk/src/rp2_common/hardware_claim/claim.c.obj
                0x0000000010000774                hw_claim_unlock
 .text.hw_claim_or_assert
                0x0000000010000788       0x32 CMakeFiles/RaspberryPiPicoOS.dir/home/evandro/pico/pico-sdk/src/rp2_common/hardware_claim/claim.c.obj
                0x0000000010000788                hw_claim_or_assert
 *fill*         0x00000000100007ba        0x2 
 .text.running_on_fpga
                0x00000000100007bc       0x14 CMakeFiles/RaspberryPiPicoOS.dir/home/evandro/pico/pico-sdk/src/rp2_common/pico_platform/platform.c.obj
                0x00000000100007bc                running_on_fpga
 .text.spin_locks_reset
                0x00000000100007d0       0x20 CMakeFiles/RaspberryPiPicoOS.dir/home/evandro/pico/pico-sdk/src/rp2_common/hardware_sync/sync.c.obj
                0x00000000100007d0                spin_locks_reset
 .text.next_striped_spin_lock_num
                0x00000000100007f0       0x1c CMakeFiles/RaspberryPiPicoOS.dir/home/evandro/pico/pico-sdk/src/rp2_common/hardware_sync/sync.c.obj
                0x00000000100007f0                next_striped_spin_lock_num
 .text.uart_set_baudrate
                0x000000001000080c       0x5c CMakeFiles/RaspberryPiPicoOS.dir/home/evandro/pico/pico-sdk/src/rp2_common/hardware_uart/uart.c.obj
                0x000000001000080c                uart_set_baudrate
 .text.uart_set_translate_crlf
                0x0000000010000868       0x28 CMakeFiles/RaspberryPiPicoOS.dir/home/evandro/pico/pico-sdk/src/rp2_common/hardware_uart/uart.c.obj
                0x0000000010000868                uart_set_translate_crlf
 .text.uart_init
                0x0000000010000890       0x80 CMakeFiles/RaspberryPiPicoOS.dir/home/evandro/pico/pico-sdk/src/rp2_common/hardware_uart/uart.c.obj
                0x0000000010000890                uart_init
 .text.alarm_pool_post_alloc_init
                0x0000000010000910       0x40 CMakeFiles/RaspberryPiPicoOS.dir/home/evandro/pico/pico-sdk/src/common/pico_time/time.c.obj
 .text.timer_pool_entry_comparator
                0x0000000010000950       0x7c CMakeFiles/RaspberryPiPicoOS.dir/home/evandro/pico/pico-sdk/src/common/pico_time/time.c.obj
                0x0000000010000950                timer_pool_entry_comparator
 .text.ph_add_child_node
                0x00000000100009cc       0xa4 CMakeFiles/RaspberryPiPicoOS.dir/home/evandro/pico/pico-sdk/src/common/pico_time/time.c.obj
 .text.ph_merge_nodes
                0x0000000010000a70       0x3e CMakeFiles/RaspberryPiPicoOS.dir/home/evandro/pico/pico-sdk/src/common/pico_time/time.c.obj
 *fill*         0x0000000010000aae        0x2 
 .text.add_alarm_under_lock
                0x0000000010000ab0      0x174 CMakeFiles/RaspberryPiPicoOS.dir/home/evandro/pico/pico-sdk/src/common/pico_time/time.c.obj
 .text.alarm_pool_alarm_callback
                0x0000000010000c24      0x32c CMakeFiles/RaspberryPiPicoOS.dir/home/evandro/pico/pico-sdk/src/common/pico_time/time.c.obj
 .text.alarm_pool_init_default
                0x0000000010000f50       0x38 CMakeFiles/RaspberryPiPicoOS.dir/home/evandro/pico/pico-sdk/src/common/pico_time/time.c.obj
                0x0000000010000f50                alarm_pool_init_default
 .text.hardware_alarm_irq_handler
                0x0000000010000f88       0x8c CMakeFiles/RaspberryPiPicoOS.dir/home/evandro/pico/pico-sdk/src/rp2_common/hardware_timer/timer.c.obj
 .text.hardware_alarm_claim
                0x0000000010001014       0x18 CMakeFiles/RaspberryPiPicoOS.dir/home/evandro/pico/pico-sdk/src/rp2_common/hardware_timer/timer.c.obj
                0x0000000010001014                hardware_alarm_claim
 .text.time_us_64
                0x000000001000102c       0x18 CMakeFiles/RaspberryPiPicoOS.dir/home/evandro/pico/pico-sdk/src/rp2_common/hardware_timer/timer.c.obj
                0x000000001000102c                time_us_64
 .text.hardware_alarm_set_callback
                0x0000000010001044       0x90 CMakeFiles/RaspberryPiPicoOS.dir/home/evandro/pico/pico-sdk/src/rp2_common/hardware_timer/timer.c.obj
                0x0000000010001044                hardware_alarm_set_callback
 .text.hardware_alarm_set_target
                0x00000000100010d4       0xe8 CMakeFiles/RaspberryPiPicoOS.dir/home/evandro/pico/pico-sdk/src/rp2_common/hardware_timer/timer.c.obj
                0x00000000100010d4                hardware_alarm_set_target
 .text.hardware_alarm_cancel
                0x00000000100011bc       0x40 CMakeFiles/RaspberryPiPicoOS.dir/home/evandro/pico/pico-sdk/src/rp2_common/hardware_timer/timer.c.obj
                0x00000000100011bc                hardware_alarm_cancel
 .text.lock_init
                0x00000000100011fc       0x10 CMakeFiles/RaspberryPiPicoOS.dir/home/evandro/pico/pico-sdk/src/common/pico_sync/lock_core.c.obj
                0x00000000100011fc                lock_init
 .text.mutex_init_internal
                0x000000001000120c       0x1e CMakeFiles/RaspberryPiPicoOS.dir/home/evandro/pico/pico-sdk/src/common/pico_sync/mutex.c.obj
 .text.mutex_init
                0x000000001000122a        0xa CMakeFiles/RaspberryPiPicoOS.dir/home/evandro/pico/pico-sdk/src/common/pico_sync/mutex.c.obj
                0x000000001000122a                mutex_init
 .text.recursive_mutex_init
                0x0000000010001234        0xa CMakeFiles/RaspberryPiPicoOS.dir/home/evandro/pico/pico-sdk/src/common/pico_sync/mutex.c.obj
                0x0000000010001234                recursive_mutex_init
 *fill*         0x000000001000123e        0x2 
 .text.ph_add_child_node
                0x0000000010001240       0xa4 CMakeFiles/RaspberryPiPicoOS.dir/home/evandro/pico/pico-sdk/src/common/pico_util/pheap.c.obj
 .text.ph_merge_nodes
                0x00000000100012e4       0x3e CMakeFiles/RaspberryPiPicoOS.dir/home/evandro/pico/pico-sdk/src/common/pico_util/pheap.c.obj
 *fill*         0x0000000010001322        0x2 
 .text.ph_clear
                0x0000000010001324       0x70 CMakeFiles/RaspberryPiPicoOS.dir/home/evandro/pico/pico-sdk/src/common/pico_util/pheap.c.obj
                0x0000000010001324                ph_clear
 .text.ph_post_alloc_init
                0x0000000010001394        0xe CMakeFiles/RaspberryPiPicoOS.dir/home/evandro/pico/pico-sdk/src/common/pico_util/pheap.c.obj
                0x0000000010001394                ph_post_alloc_init
 *fill*         0x00000000100013a2        0x2 
 .text.ph_merge_two_pass
                0x00000000100013a4       0xa8 CMakeFiles/RaspberryPiPicoOS.dir/home/evandro/pico/pico-sdk/src/common/pico_util/pheap.c.obj
                0x00000000100013a4                ph_merge_two_pass
 .text.ph_remove_any_head
                0x000000001000144c      0x108 CMakeFiles/RaspberryPiPicoOS.dir/home/evandro/pico/pico-sdk/src/common/pico_util/pheap.c.obj
 .text.ph_remove_head
                0x0000000010001554       0x14 CMakeFiles/RaspberryPiPicoOS.dir/home/evandro/pico/pico-sdk/src/common/pico_util/pheap.c.obj
                0x0000000010001554                ph_remove_head
 .text.ph_remove_and_free_node
                0x0000000010001568       0xf8 CMakeFiles/RaspberryPiPicoOS.dir/home/evandro/pico/pico-sdk/src/common/pico_util/pheap.c.obj
                0x0000000010001568                ph_remove_and_free_node
 .text.runtime_init
                0x0000000010001660       0xd8 CMakeFiles/RaspberryPiPicoOS.dir/home/evandro/pico/pico-sdk/src/rp2_common/pico_runtime/runtime.c.obj
                0x0000000010001660                runtime_init
 .text._exit    0x0000000010001738        0x4 CMakeFiles/RaspberryPiPicoOS.dir/home/evandro/pico/pico-sdk/src/rp2_common/pico_runtime/runtime.c.obj
                0x0000000010001738                _exit
 .text.exit     0x000000001000173c        0x6 CMakeFiles/RaspberryPiPicoOS.dir/home/evandro/pico/pico-sdk/src/rp2_common/pico_runtime/runtime.c.obj
                0x000000001000173c                exit
 *fill*         0x0000000010001742        0x2 
 .text.__assert_func
                0x0000000010001744       0x3c CMakeFiles/RaspberryPiPicoOS.dir/home/evandro/pico/pico-sdk/src/rp2_common/pico_runtime/runtime.c.obj
                0x0000000010001744                __assert_func
 .text.panic    0x0000000010001780       0x30 CMakeFiles/RaspberryPiPicoOS.dir/home/evandro/pico/pico-sdk/src/rp2_common/pico_runtime/runtime.c.obj
                0x0000000010001780                panic
 .text.clock_configure
                0x00000000100017b0      0x104 CMakeFiles/RaspberryPiPicoOS.dir/home/evandro/pico/pico-sdk/src/rp2_common/hardware_clocks/clocks.c.obj
                0x00000000100017b0                clock_configure
 .text.clocks_init
                0x00000000100018b4      0x100 CMakeFiles/RaspberryPiPicoOS.dir/home/evandro/pico/pico-sdk/src/rp2_common/hardware_clocks/clocks.c.obj
                0x00000000100018b4                clocks_init
 .text.clock_get_hz
                0x00000000100019b4        0xc CMakeFiles/RaspberryPiPicoOS.dir/home/evandro/pico/pico-sdk/src/rp2_common/hardware_clocks/clocks.c.obj
                0x00000000100019b4                clock_get_hz
 .text.set_raw_irq_handler_and_unlock
                0x00000000100019c0       0x28 CMakeFiles/RaspberryPiPicoOS.dir/home/evandro/pico/pico-sdk/src/rp2_common/hardware_irq/irq.c.obj
 .text.make_branch
                0x00000000100019e8       0x34 CMakeFiles/RaspberryPiPicoOS.dir/home/evandro/pico/pico-sdk/src/rp2_common/hardware_irq/irq.c.obj
 .text.insert_branch_and_link
                0x0000000010001a1c       0x40 CMakeFiles/RaspberryPiPicoOS.dir/home/evandro/pico/pico-sdk/src/rp2_common/hardware_irq/irq.c.obj
 .text.irq_is_enabled
                0x0000000010001a5c       0x18 CMakeFiles/RaspberryPiPicoOS.dir/home/evandro/pico/pico-sdk/src/rp2_common/hardware_irq/irq.c.obj
                0x0000000010001a5c                irq_is_enabled
 .text.irq_set_mask_enabled
                0x0000000010001a74       0x20 CMakeFiles/RaspberryPiPicoOS.dir/home/evandro/pico/pico-sdk/src/rp2_common/hardware_irq/irq.c.obj
                0x0000000010001a74                irq_set_mask_enabled
 .text.irq_set_enabled
                0x0000000010001a94        0xe CMakeFiles/RaspberryPiPicoOS.dir/home/evandro/pico/pico-sdk/src/rp2_common/hardware_irq/irq.c.obj
                0x0000000010001a94                irq_set_enabled
 *fill*         0x0000000010001aa2        0x2 
 .text.irq_get_vtable_handler
                0x0000000010001aa4       0x10 CMakeFiles/RaspberryPiPicoOS.dir/home/evandro/pico/pico-sdk/src/rp2_common/hardware_irq/irq.c.obj
                0x0000000010001aa4                irq_get_vtable_handler
 .text.irq_set_exclusive_handler
                0x0000000010001ab4       0x54 CMakeFiles/RaspberryPiPicoOS.dir/home/evandro/pico/pico-sdk/src/rp2_common/hardware_irq/irq.c.obj
                0x0000000010001ab4                irq_set_exclusive_handler
 .text.irq_remove_handler
                0x0000000010001b08      0x1ac CMakeFiles/RaspberryPiPicoOS.dir/home/evandro/pico/pico-sdk/src/rp2_common/hardware_irq/irq.c.obj
                0x0000000010001b08                irq_remove_handler
 .text.irq_set_priority
                0x0000000010001cb4       0x28 CMakeFiles/RaspberryPiPicoOS.dir/home/evandro/pico/pico-sdk/src/rp2_common/hardware_irq/irq.c.obj
                0x0000000010001cb4                irq_set_priority
 .text.irq_add_tail_to_free_list
                0x0000000010001cdc       0xf0 CMakeFiles/RaspberryPiPicoOS.dir/home/evandro/pico/pico-sdk/src/rp2_common/hardware_irq/irq.c.obj
                0x0000000010001cdc                irq_add_tail_to_free_list
 .text.irq_init_priorities
                0x0000000010001dcc       0x16 CMakeFiles/RaspberryPiPicoOS.dir/home/evandro/pico/pico-sdk/src/rp2_common/hardware_irq/irq.c.obj
                0x0000000010001dcc                irq_init_priorities
 *fill*         0x0000000010001de2        0x2 
 .text.pll_init
                0x0000000010001de4      0x118 CMakeFiles/RaspberryPiPicoOS.dir/home/evandro/pico/pico-sdk/src/rp2_common/hardware_pll/pll.c.obj
                0x0000000010001de4                pll_init
 .text.watchdog_start_tick
                0x0000000010001efc       0x10 CMakeFiles/RaspberryPiPicoOS.dir/home/evandro/pico/pico-sdk/src/rp2_common/hardware_watchdog/watchdog.c.obj
                0x0000000010001efc                watchdog_start_tick
 .text.xosc_init
                0x0000000010001f0c       0x28 CMakeFiles/RaspberryPiPicoOS.dir/home/evandro/pico/pico-sdk/src/rp2_common/hardware_xosc/xosc.c.obj
                0x0000000010001f0c                xosc_init
 .text._out_null
                0x0000000010001f34        0x2 CMakeFiles/RaspberryPiPicoOS.dir/home/evandro/pico/pico-sdk/src/rp2_common/pico_printf/printf.c.obj
 .text._out_fct
                0x0000000010001f36        0xe CMakeFiles/RaspberryPiPicoOS.dir/home/evandro/pico/pico-sdk/src/rp2_common/pico_printf/printf.c.obj
 .text._atoi    0x0000000010001f44       0x24 CMakeFiles/RaspberryPiPicoOS.dir/home/evandro/pico/pico-sdk/src/rp2_common/pico_printf/printf.c.obj
 .text._out_rev
                0x0000000010001f68       0xae CMakeFiles/RaspberryPiPicoOS.dir/home/evandro/pico/pico-sdk/src/rp2_common/pico_printf/printf.c.obj
 .text._ntoa_format
                0x0000000010002016      0x110 CMakeFiles/RaspberryPiPicoOS.dir/home/evandro/pico/pico-sdk/src/rp2_common/pico_printf/printf.c.obj
 .text._ntoa_long
                0x0000000010002126       0xbc CMakeFiles/RaspberryPiPicoOS.dir/home/evandro/pico/pico-sdk/src/rp2_common/pico_printf/printf.c.obj
 .text._ntoa_long_long
                0x00000000100021e2       0xe2 CMakeFiles/RaspberryPiPicoOS.dir/home/evandro/pico/pico-sdk/src/rp2_common/pico_printf/printf.c.obj
 .text._etoa    0x00000000100022c4      0x40c CMakeFiles/RaspberryPiPicoOS.dir/home/evandro/pico/pico-sdk/src/rp2_common/pico_printf/printf.c.obj
 .text._ftoa    0x00000000100026d0      0x354 CMakeFiles/RaspberryPiPicoOS.dir/home/evandro/pico/pico-sdk/src/rp2_common/pico_printf/printf.c.obj
 .text._vsnprintf
                0x0000000010002a24      0x628 CMakeFiles/RaspberryPiPicoOS.dir/home/evandro/pico/pico-sdk/src/rp2_common/pico_printf/printf.c.obj
 .text.vfctprintf
                0x000000001000304c       0x20 CMakeFiles/RaspberryPiPicoOS.dir/home/evandro/pico/pico-sdk/src/rp2_common/pico_printf/printf.c.obj
                0x000000001000304c                vfctprintf
 .text          0x000000001000306c       0x10 CMakeFiles/RaspberryPiPicoOS.dir/home/evandro/pico/pico-sdk/src/rp2_common/pico_bit_ops/bit_ops_aeabi.S.obj
 .text.rom_func_lookup
                0x000000001000307c       0x10 CMakeFiles/RaspberryPiPicoOS.dir/home/evandro/pico/pico-sdk/src/rp2_common/pico_bootrom/bootrom.c.obj
                0x000000001000307c                rom_func_lookup
 .text.rom_data_lookup
                0x000000001000308c       0x10 CMakeFiles/RaspberryPiPicoOS.dir/home/evandro/pico/pico-sdk/src/rp2_common/pico_bootrom/bootrom.c.obj
                0x000000001000308c                rom_data_lookup
 .text.rom_funcs_lookup
                0x000000001000309c       0x36 CMakeFiles/RaspberryPiPicoOS.dir/home/evandro/pico/pico-sdk/src/rp2_common/pico_bootrom/bootrom.c.obj
                0x000000001000309c                rom_funcs_lookup
 *fill*         0x00000000100030d2        0x2 
 .text.__wrap___aeabi_idiv
                0x00000000100030d4       0x50 CMakeFiles/RaspberryPiPicoOS.dir/home/evandro/pico/pico-sdk/src/rp2_common/pico_divider/divider.S.obj
                0x00000000100030d4                __wrap___aeabi_idivmod
                0x00000000100030d4                divmod_s32s32
                0x00000000100030d4                div_s32s32
                0x00000000100030d4                __wrap___aeabi_idiv
                0x00000000100030dc                divmod_s32s32_unsafe
                0x0000000010003108                divmod_s32s32_savestate
 .text.__wrap___aeabi_uidiv
                0x0000000010003124       0x4c CMakeFiles/RaspberryPiPicoOS.dir/home/evandro/pico/pico-sdk/src/rp2_common/pico_divider/divider.S.obj
                0x0000000010003124                __wrap___aeabi_uidiv
                0x0000000010003124                __wrap___aeabi_uidivmod
                0x0000000010003124                div_u32u32
                0x0000000010003124                divmod_u32u32
                0x000000001000312c                divmod_u32u32_unsafe
                0x0000000010003154                divmod_u32u32_savestate
 .text.__wrap___aeabi_ldiv
                0x0000000010003170      0x430 CMakeFiles/RaspberryPiPicoOS.dir/home/evandro/pico/pico-sdk/src/rp2_common/pico_divider/divider.S.obj
                0x0000000010003170                div_s64s64
                0x0000000010003170                divmod_s64s64
                0x0000000010003170                __wrap___aeabi_ldivmod
                0x00000000100031a8                div_u64u64
                0x00000000100031a8                divmod_u64u64
                0x00000000100031a8                __wrap___aeabi_uldivmod
                0x00000000100031b8                divmod_u64u64_savestate
                0x00000000100031e0                divmod_s64s64_unsafe
                0x0000000010003268                divmod_u64u64_unsafe
 .text.__wrap___aeabi_darithmetic
                0x00000000100035a0       0x80 CMakeFiles/RaspberryPiPicoOS.dir/home/evandro/pico/pico-sdk/src/rp2_common/pico_double/double_aeabi.S.obj
                0x00000000100035a0                __wrap___aeabi_drsub
                0x00000000100035a6                __wrap___aeabi_dsub
                0x00000000100035b8                __wrap___aeabi_dadd
                0x00000000100035ca                __wrap___aeabi_ddiv
                0x0000000010003606                __wrap___aeabi_dmul
 .text.__wrap___aeabi_cdcmple
                0x0000000010003620       0x6c CMakeFiles/RaspberryPiPicoOS.dir/home/evandro/pico/pico-sdk/src/rp2_common/pico_double/double_aeabi.S.obj
                0x0000000010003620                __wrap___aeabi_cdrcmple
                0x0000000010003630                __wrap___aeabi_cdcmple
                0x0000000010003630                __wrap___aeabi_cdcmpeq
 .text.__wrap___aeabi_dcmplt
                0x000000001000368c        0xc CMakeFiles/RaspberryPiPicoOS.dir/home/evandro/pico/pico-sdk/src/rp2_common/pico_double/double_aeabi.S.obj
                0x000000001000368c                __wrap___aeabi_dcmplt
 .text.__wrap___aeabi_dcmple
                0x0000000010003698       0x10 CMakeFiles/RaspberryPiPicoOS.dir/home/evandro/pico/pico-sdk/src/rp2_common/pico_double/double_aeabi.S.obj
                0x0000000010003698                __wrap___aeabi_dcmple
 .text.__wrap___aeabi_dcmpge
                0x00000000100036a8       0x10 CMakeFiles/RaspberryPiPicoOS.dir/home/evandro/pico/pico-sdk/src/rp2_common/pico_double/double_aeabi.S.obj
                0x00000000100036a8                __wrap___aeabi_dcmpge
 .text.__wrap___aeabi_dcmpgt
                0x00000000100036b8        0xa CMakeFiles/RaspberryPiPicoOS.dir/home/evandro/pico/pico-sdk/src/rp2_common/pico_double/double_aeabi.S.obj
                0x00000000100036b8                __wrap___aeabi_dcmpgt
 .text.__wrap___aeabi_dcmpun
                0x00000000100036c2       0x1c CMakeFiles/RaspberryPiPicoOS.dir/home/evandro/pico/pico-sdk/src/rp2_common/pico_double/double_aeabi.S.obj
                0x00000000100036c2                __wrap___aeabi_dcmpun
 *fill*         0x00000000100036de        0x2 
 .text.__wrap___aeabi_i2d
                0x00000000100036e0       0x38 CMakeFiles/RaspberryPiPicoOS.dir/home/evandro/pico/pico-sdk/src/rp2_common/pico_double/double_aeabi.S.obj
                0x00000000100036e0                __wrap___aeabi_ui2d
                0x00000000100036e8                __wrap___aeabi_i2d
 .text.__wrap___aeabi_d2iz
                0x0000000010003718       0x48 CMakeFiles/RaspberryPiPicoOS.dir/home/evandro/pico/pico-sdk/src/rp2_common/pico_double/double_aeabi.S.obj
                0x0000000010003718                __wrap___aeabi_d2iz
                0x0000000010003718                double2int_z
 .text.__wrap___aeabi_d2uiz
                0x0000000010003760       0x18 CMakeFiles/RaspberryPiPicoOS.dir/home/evandro/pico/pico-sdk/src/rp2_common/pico_double/double_aeabi.S.obj
                0x0000000010003760                double2uint
                0x0000000010003760                __wrap___aeabi_d2uiz
 .text.__aeabi_double_init
                0x0000000010003778       0xb4 CMakeFiles/RaspberryPiPicoOS.dir/home/evandro/pico/pico-sdk/src/rp2_common/pico_double/double_init_rom.c.obj
                0x0000000010003778                __aeabi_double_init
 .text.double_table_shim_on_use_helper
                0x000000001000382c       0x34 CMakeFiles/RaspberryPiPicoOS.dir/home/evandro/pico/pico-sdk/src/rp2_common/pico_double/double_v1_rom_shim.S.obj
                0x000000001000382c                double_table_shim_on_use_helper
 .text.__wrap___aeabi_dsub
                0x0000000010003860       0x10 CMakeFiles/RaspberryPiPicoOS.dir/home/evandro/pico/pico-sdk/src/rp2_common/pico_double/double_v1_rom_shim.S.obj
                0x0000000010003860                drsub_shim
                0x0000000010003866                dsub_shim
 .text.dadd_shim
                0x0000000010003870      0x15c CMakeFiles/RaspberryPiPicoOS.dir/home/evandro/pico/pico-sdk/src/rp2_common/pico_double/double_v1_rom_shim.S.obj
                0x0000000010003870                dadd_shim
 .text.dmul_shim
                0x00000000100039cc      0x15c CMakeFiles/RaspberryPiPicoOS.dir/home/evandro/pico/pico-sdk/src/rp2_common/pico_double/double_v1_rom_shim.S.obj
                0x00000000100039cc                dmul_shim
 .text.ddiv_shim
                0x0000000010003b28      0x1b0 CMakeFiles/RaspberryPiPicoOS.dir/home/evandro/pico/pico-sdk/src/rp2_common/pico_double/double_v1_rom_shim.S.obj
                0x0000000010003b28                ddiv_shim
 .text.dcordic_rot_step
                0x0000000010003cd8       0x7c CMakeFiles/RaspberryPiPicoOS.dir/home/evandro/pico/pico-sdk/src/rp2_common/pico_double/double_v1_rom_shim.S.obj
                0x0000000010003cd8                dcordic_rot_step
 .text.double2uint_shim
                0x0000000010003d54        0xe CMakeFiles/RaspberryPiPicoOS.dir/home/evandro/pico/pico-sdk/src/rp2_common/pico_double/double_v1_rom_shim.S.obj
                0x0000000010003d54                double2uint_shim
                0x0000000010003d56                double2ufix_shim
 *fill*         0x0000000010003d62        0x2 
 .text.double2uint64_shim
                0x0000000010003d64       0x6c CMakeFiles/RaspberryPiPicoOS.dir/home/evandro/pico/pico-sdk/src/rp2_common/pico_double/double_v1_rom_shim.S.obj
                0x0000000010003d64                double2uint64_shim
                0x0000000010003d66                double2ufix64_shim
                0x0000000010003d80                d2fix_a
 .text.dunpacks
                0x0000000010003dd0       0x3c CMakeFiles/RaspberryPiPicoOS.dir/home/evandro/pico/pico-sdk/src/rp2_common/pico_double/double_v1_rom_shim.S.obj
                0x0000000010003dd0                dunpacks
 .text.__aeabi_float_init
                0x0000000010003e0c       0xfc CMakeFiles/RaspberryPiPicoOS.dir/home/evandro/pico/pico-sdk/src/rp2_common/pico_float/float_init_rom.c.obj
                0x0000000010003e0c                __aeabi_float_init
 .text.float_table_shim_on_use_helper
                0x0000000010003f08       0x34 CMakeFiles/RaspberryPiPicoOS.dir/home/evandro/pico/pico-sdk/src/rp2_common/pico_float/float_v1_rom_shim.S.obj
                0x0000000010003f08                float_table_shim_on_use_helper
 .text          0x0000000010003f3c       0x10 CMakeFiles/RaspberryPiPicoOS.dir/home/evandro/pico/pico-sdk/src/rp2_common/pico_mem_ops/mem_ops_aeabi.S.obj
                0x0000000010003f3c                __aeabi_mem_init
 .text.memset   0x0000000010003f4c        0xc CMakeFiles/RaspberryPiPicoOS.dir/home/evandro/pico/pico-sdk/src/rp2_common/pico_mem_ops/mem_ops_aeabi.S.obj
                0x0000000010003f4c                __wrap_memset
 .text.memcpy   0x0000000010003f58        0xc CMakeFiles/RaspberryPiPicoOS.dir/home/evandro/pico/pico-sdk/src/rp2_common/pico_mem_ops/mem_ops_aeabi.S.obj
                0x0000000010003f58                __wrap___aeabi_memcpy
                0x0000000010003f58                __wrap_memcpy
 .text.stdio_out_chars_crlf
                0x0000000010003f64       0x80 CMakeFiles/RaspberryPiPicoOS.dir/home/evandro/pico/pico-sdk/src/rp2_common/pico_stdio/stdio.c.obj
 .text.stdio_stack_buffer_flush
                0x0000000010003fe4       0x44 CMakeFiles/RaspberryPiPicoOS.dir/home/evandro/pico/pico-sdk/src/rp2_common/pico_stdio/stdio.c.obj
 .text.stdio_buffered_printer
                0x0000000010004028       0x20 CMakeFiles/RaspberryPiPicoOS.dir/home/evandro/pico/pico-sdk/src/rp2_common/pico_stdio/stdio.c.obj
 .text.stdout_serialize_begin
                0x0000000010004048       0x30 CMakeFiles/RaspberryPiPicoOS.dir/home/evandro/pico/pico-sdk/src/rp2_common/pico_stdio/stdio.c.obj
                0x0000000010004048                stdout_serialize_begin
 .text.stdout_serialize_end
                0x0000000010004078       0x10 CMakeFiles/RaspberryPiPicoOS.dir/home/evandro/pico/pico-sdk/src/rp2_common/pico_stdio/stdio.c.obj
                0x0000000010004078                stdout_serialize_end
 .text.stdio_put_string
                0x0000000010004088       0x84 CMakeFiles/RaspberryPiPicoOS.dir/home/evandro/pico/pico-sdk/src/rp2_common/pico_stdio/stdio.c.obj
 .text.stdio_set_driver_enabled
                0x000000001000410c       0x38 CMakeFiles/RaspberryPiPicoOS.dir/home/evandro/pico/pico-sdk/src/rp2_common/pico_stdio/stdio.c.obj
                0x000000001000410c                stdio_set_driver_enabled
 .text.stdio_flush
                0x0000000010004144       0x20 CMakeFiles/RaspberryPiPicoOS.dir/home/evandro/pico/pico-sdk/src/rp2_common/pico_stdio/stdio.c.obj
                0x0000000010004144                stdio_flush
 .text.__wrap_puts
                0x0000000010004164       0x1c CMakeFiles/RaspberryPiPicoOS.dir/home/evandro/pico/pico-sdk/src/rp2_common/pico_stdio/stdio.c.obj
                0x0000000010004164                __wrap_puts
 .text.__wrap_vprintf
                0x0000000010004180       0x44 CMakeFiles/RaspberryPiPicoOS.dir/home/evandro/pico/pico-sdk/src/rp2_common/pico_stdio/stdio.c.obj
                0x0000000010004180                __wrap_vprintf
 .text.__wrap_printf
                0x00000000100041c4       0x18 CMakeFiles/RaspberryPiPicoOS.dir/home/evandro/pico/pico-sdk/src/rp2_common/pico_stdio/stdio.c.obj
                0x00000000100041c4                __wrap_printf
 .text.stdio_init_all
                0x00000000100041dc        0x8 CMakeFiles/RaspberryPiPicoOS.dir/home/evandro/pico/pico-sdk/src/rp2_common/pico_stdio/stdio.c.obj
                0x00000000100041dc                stdio_init_all
 .text.stdio_uart_out_chars
                0x00000000100041e4       0x74 CMakeFiles/RaspberryPiPicoOS.dir/home/evandro/pico/pico-sdk/src/rp2_common/pico_stdio_uart/stdio_uart.c.obj
 .text.stdio_uart_in_chars
                0x0000000010004258       0x54 CMakeFiles/RaspberryPiPicoOS.dir/home/evandro/pico/pico-sdk/src/rp2_common/pico_stdio_uart/stdio_uart.c.obj
                0x0000000010004258                stdio_uart_in_chars
 .text.stdio_uart_init_full
                0x00000000100042ac       0x3c CMakeFiles/RaspberryPiPicoOS.dir/home/evandro/pico/pico-sdk/src/rp2_common/pico_stdio_uart/stdio_uart.c.obj
                0x00000000100042ac                stdio_uart_init_full
 .text.stdio_uart_init
                0x00000000100042e8       0x28 CMakeFiles/RaspberryPiPicoOS.dir/home/evandro/pico/pico-sdk/src/rp2_common/pico_stdio_uart/stdio_uart.c.obj
                0x00000000100042e8                stdio_uart_init
 .text.core1_trampoline
                0x0000000010004310        0x2 CMakeFiles/RaspberryPiPicoOS.dir/home/evandro/pico/pico-sdk/src/rp2_common/pico_multicore/multicore.c.obj
 .text.core1_wrapper
                0x0000000010004312        0xc CMakeFiles/RaspberryPiPicoOS.dir/home/evandro/pico/pico-sdk/src/rp2_common/pico_multicore/multicore.c.obj
                0x0000000010004312                core1_wrapper
 .text.multicore_fifo_push_blocking
                0x000000001000431e       0x14 CMakeFiles/RaspberryPiPicoOS.dir/home/evandro/pico/pico-sdk/src/rp2_common/pico_multicore/multicore.c.obj
                0x000000001000431e                multicore_fifo_push_blocking
 .text.multicore_fifo_pop_blocking
                0x0000000010004332       0x16 CMakeFiles/RaspberryPiPicoOS.dir/home/evandro/pico/pico-sdk/src/rp2_common/pico_multicore/multicore.c.obj
                0x0000000010004332                multicore_fifo_pop_blocking
 .text.multicore_launch_core1_raw
                0x0000000010004348       0x6a CMakeFiles/RaspberryPiPicoOS.dir/home/evandro/pico/pico-sdk/src/rp2_common/pico_multicore/multicore.c.obj
                0x0000000010004348                multicore_launch_core1_raw
 *fill*         0x00000000100043b2        0x2 
 .text.multicore_launch_core1_with_stack
                0x00000000100043b4       0x50 CMakeFiles/RaspberryPiPicoOS.dir/home/evandro/pico/pico-sdk/src/rp2_common/pico_multicore/multicore.c.obj
                0x00000000100043b4                multicore_launch_core1_with_stack
 .text.multicore_launch_core1
                0x0000000010004404       0x24 CMakeFiles/RaspberryPiPicoOS.dir/home/evandro/pico/pico-sdk/src/rp2_common/pico_multicore/multicore.c.obj
                0x0000000010004404                multicore_launch_core1
 .text          0x0000000010004428       0x68 /usr/lib/gcc/arm-none-eabi/9.2.1/../../../arm-none-eabi/lib/thumb/v6-m/nofp/libg.a(lib_a-strlen-stub.o)
                0x0000000010004428                strlen
 *(.fini)
 .fini          0x0000000010004490        0x4 /usr/lib/gcc/arm-none-eabi/9.2.1/thumb/v6-m/nofp/crti.o
                0x0000000010004490                _fini
 *fill*         0x0000000010004494        0x4 
 .fini.__stub   0x0000000010004498       0x50 linker stubs
 *crtbegin.o(.ctors)
 *crtbegin?.o(.ctors)
 *(EXCLUDE_FILE(*crtend.o *crtend?.o) .ctors)
 *(SORT_BY_NAME(.ctors.*))
 *(.ctors)
 *crtbegin.o(.dtors)
 *crtbegin?.o(.dtors)
 *(EXCLUDE_FILE(*crtend.o *crtend?.o) .dtors)
 *(SORT_BY_NAME(.dtors.*))
 *(.dtors)
 *(.eh_frame*)
 .eh_frame      0x00000000100044e8        0x0 /usr/lib/gcc/arm-none-eabi/9.2.1/thumb/v6-m/nofp/crtbegin.o
                0x00000000100044e8                . = ALIGN (0x4)

.glue_7         0x00000000100044e8        0x0
 .glue_7        0x00000000100044e8        0x0 linker stubs

.glue_7t        0x00000000100044e8        0x0
 .glue_7t       0x00000000100044e8        0x0 linker stubs

.vfp11_veneer   0x00000000100044e8        0x0
 .vfp11_veneer  0x00000000100044e8        0x0 linker stubs

.v4_bx          0x00000000100044e8        0x0
 .v4_bx         0x00000000100044e8        0x0 linker stubs

.iplt           0x00000000100044e8        0x0
 .iplt          0x00000000100044e8        0x0 /usr/lib/gcc/arm-none-eabi/9.2.1/thumb/v6-m/nofp/crtbegin.o

.rodata         0x00000000100044e8      0xe78
 *(EXCLUDE_FILE(*libm.a: *libc.a:*lib_a-mem*.o *libgcc.a:) .rodata*)
 .rodata.main.str1.4
                0x00000000100044e8       0x24 CMakeFiles/RaspberryPiPicoOS.dir/main.cpp.obj
 .rodata._Z7MainCPUv.str1.4
                0x000000001000450c       0x14 CMakeFiles/RaspberryPiPicoOS.dir/Kernel.cpp.obj
 .rodata.repeating_timer_callback.str1.4
                0x0000000010004520       0x4c CMakeFiles/RaspberryPiPicoOS.dir/home/evandro/pico/pico-sdk/src/common/pico_time/time.c.obj
 .rodata.alarm_pool_dump_key.str1.4
                0x000000001000456c       0x33 CMakeFiles/RaspberryPiPicoOS.dir/home/evandro/pico/pico-sdk/src/common/pico_time/time.c.obj
 *fill*         0x000000001000459f        0x1 
 .rodata.ph_add_child_node.str1.4
                0x00000000100045a0       0x96 CMakeFiles/RaspberryPiPicoOS.dir/home/evandro/pico/pico-sdk/src/common/pico_time/time.c.obj
 *fill*         0x0000000010004636        0x2 
 .rodata.add_alarm_under_lock.str1.4
                0x0000000010004638       0x28 CMakeFiles/RaspberryPiPicoOS.dir/home/evandro/pico/pico-sdk/src/common/pico_time/time.c.obj
                                         0x2b (size before relaxing)
 .rodata.alarm_pool_alarm_callback.str1.4
                0x0000000010004660       0xe6 CMakeFiles/RaspberryPiPicoOS.dir/home/evandro/pico/pico-sdk/src/common/pico_time/time.c.obj
 *fill*         0x0000000010004746        0x2 
 .rodata.__func__.5701
                0x0000000010004748       0x15 CMakeFiles/RaspberryPiPicoOS.dir/home/evandro/pico/pico-sdk/src/common/pico_time/time.c.obj
 *fill*         0x000000001000475d        0x3 
 .rodata.__func__.6002
                0x0000000010004760        0xc CMakeFiles/RaspberryPiPicoOS.dir/home/evandro/pico/pico-sdk/src/common/pico_time/time.c.obj
 .rodata.__func__.6009
                0x000000001000476c       0x12 CMakeFiles/RaspberryPiPicoOS.dir/home/evandro/pico/pico-sdk/src/common/pico_time/time.c.obj
 *fill*         0x000000001000477e        0x2 
 .rodata.__func__.6025
                0x0000000010004780        0xf CMakeFiles/RaspberryPiPicoOS.dir/home/evandro/pico/pico-sdk/src/common/pico_time/time.c.obj
 *fill*         0x000000001000478f        0x1 
 .rodata.__func__.6047
                0x0000000010004790        0xd CMakeFiles/RaspberryPiPicoOS.dir/home/evandro/pico/pico-sdk/src/common/pico_time/time.c.obj
 *fill*         0x000000001000479d        0x3 
 .rodata.__func__.6248
                0x00000000100047a0        0xa CMakeFiles/RaspberryPiPicoOS.dir/home/evandro/pico/pico-sdk/src/common/pico_time/time.c.obj
 *fill*         0x00000000100047aa        0x2 
 .rodata.__func__.6253
                0x00000000100047ac       0x12 CMakeFiles/RaspberryPiPicoOS.dir/home/evandro/pico/pico-sdk/src/common/pico_time/time.c.obj
 *fill*         0x00000000100047be        0x2 
 .rodata.__func__.6279
                0x00000000100047c0       0x15 CMakeFiles/RaspberryPiPicoOS.dir/home/evandro/pico/pico-sdk/src/common/pico_time/time.c.obj
 *fill*         0x00000000100047d5        0x3 
 .rodata.__func__.6296
                0x00000000100047d8       0x1a CMakeFiles/RaspberryPiPicoOS.dir/home/evandro/pico/pico-sdk/src/common/pico_time/time.c.obj
 *fill*         0x00000000100047f2        0x2 
 .rodata.hardware_alarm_claim.str1.4
                0x00000000100047f4       0x22 CMakeFiles/RaspberryPiPicoOS.dir/home/evandro/pico/pico-sdk/src/rp2_common/hardware_timer/timer.c.obj
 *fill*         0x0000000010004816        0x2 
 .rodata.hardware_alarm_set_target.str1.4
                0x0000000010004818       0x66 CMakeFiles/RaspberryPiPicoOS.dir/home/evandro/pico/pico-sdk/src/rp2_common/hardware_timer/timer.c.obj
 *fill*         0x000000001000487e        0x2 
 .rodata.__func__.4548
                0x0000000010004880       0x1a CMakeFiles/RaspberryPiPicoOS.dir/home/evandro/pico/pico-sdk/src/rp2_common/hardware_timer/timer.c.obj
 *fill*         0x000000001000489a        0x2 
 .rodata.str1.4
                0x000000001000489c       0xb5 CMakeFiles/RaspberryPiPicoOS.dir/home/evandro/pico/pico-sdk/src/common/pico_sync/mutex.c.obj
                                        0x119 (size before relaxing)
 *fill*         0x0000000010004951        0x3 
 .rodata.__func__.4610
                0x0000000010004954       0x15 CMakeFiles/RaspberryPiPicoOS.dir/home/evandro/pico/pico-sdk/src/common/pico_sync/mutex.c.obj
 *fill*         0x0000000010004969        0x3 
 .rodata.__func__.4645
                0x000000001000496c        0xb CMakeFiles/RaspberryPiPicoOS.dir/home/evandro/pico/pico-sdk/src/common/pico_sync/mutex.c.obj
 .rodata.ph_add_child_node.str1.4
                0x0000000010004977       0x96 CMakeFiles/RaspberryPiPicoOS.dir/home/evandro/pico/pico-sdk/src/common/pico_util/pheap.c.obj
 *fill*         0x0000000010004977        0x1 
 .rodata.ph_remove_any_head.str1.4
                0x0000000010004978       0x90 CMakeFiles/RaspberryPiPicoOS.dir/home/evandro/pico/pico-sdk/src/common/pico_util/pheap.c.obj
 .rodata.ph_remove_and_free_node.str1.4
                0x0000000010004a08       0x26 CMakeFiles/RaspberryPiPicoOS.dir/home/evandro/pico/pico-sdk/src/common/pico_util/pheap.c.obj
 *fill*         0x0000000010004a2e        0x2 
 .rodata.__func__.5708
                0x0000000010004a30        0xc CMakeFiles/RaspberryPiPicoOS.dir/home/evandro/pico/pico-sdk/src/common/pico_util/pheap.c.obj
 .rodata.__func__.5715
                0x0000000010004a3c       0x12 CMakeFiles/RaspberryPiPicoOS.dir/home/evandro/pico/pico-sdk/src/common/pico_util/pheap.c.obj
 *fill*         0x0000000010004a4e        0x2 
 .rodata.__func__.5801
                0x0000000010004a50       0x13 CMakeFiles/RaspberryPiPicoOS.dir/home/evandro/pico/pico-sdk/src/common/pico_util/pheap.c.obj
 *fill*         0x0000000010004a63        0x1 
 .rodata.__func__.5819
                0x0000000010004a64       0x18 CMakeFiles/RaspberryPiPicoOS.dir/home/evandro/pico/pico-sdk/src/common/pico_util/pheap.c.obj
 .rodata.__assert_func.str1.4
                0x0000000010004a7c       0x3f CMakeFiles/RaspberryPiPicoOS.dir/home/evandro/pico/pico-sdk/src/rp2_common/pico_runtime/runtime.c.obj
                                         0x43 (size before relaxing)
 *fill*         0x0000000010004abb        0x1 
 .rodata.panic.str1.4
                0x0000000010004abc       0x12 CMakeFiles/RaspberryPiPicoOS.dir/home/evandro/pico/pico-sdk/src/rp2_common/pico_runtime/runtime.c.obj
 *fill*         0x0000000010004ace        0x2 
 .rodata.clock_configure.str1.4
                0x0000000010004ad0       0x58 CMakeFiles/RaspberryPiPicoOS.dir/home/evandro/pico/pico-sdk/src/rp2_common/hardware_clocks/clocks.c.obj
 .rodata.__func__.4667
                0x0000000010004b28       0x10 CMakeFiles/RaspberryPiPicoOS.dir/home/evandro/pico/pico-sdk/src/rp2_common/hardware_clocks/clocks.c.obj
 .rodata.make_branch.str1.4
                0x0000000010004b38       0x4e CMakeFiles/RaspberryPiPicoOS.dir/home/evandro/pico/pico-sdk/src/rp2_common/hardware_irq/irq.c.obj
 *fill*         0x0000000010004b86        0x2 
 .rodata.irq_set_exclusive_handler.str1.4
                0x0000000010004b88       0x36 CMakeFiles/RaspberryPiPicoOS.dir/home/evandro/pico/pico-sdk/src/rp2_common/hardware_irq/irq.c.obj
 *fill*         0x0000000010004bbe        0x2 
 .rodata.irq_add_shared_handler.str1.4
                0x0000000010004bc0       0xd9 CMakeFiles/RaspberryPiPicoOS.dir/home/evandro/pico/pico-sdk/src/rp2_common/hardware_irq/irq.c.obj
 *fill*         0x0000000010004c99        0x3 
 .rodata.irq_remove_handler.str1.4
                0x0000000010004c9c       0x2a CMakeFiles/RaspberryPiPicoOS.dir/home/evandro/pico/pico-sdk/src/rp2_common/hardware_irq/irq.c.obj
 *fill*         0x0000000010004cc6        0x2 
 .rodata.irq_add_tail_to_free_list.str1.4
                0x0000000010004cc8       0x32 CMakeFiles/RaspberryPiPicoOS.dir/home/evandro/pico/pico-sdk/src/rp2_common/hardware_irq/irq.c.obj
                                         0x3a (size before relaxing)
 *fill*         0x0000000010004cfa        0x2 
 .rodata.__func__.4703
                0x0000000010004cfc       0x1a CMakeFiles/RaspberryPiPicoOS.dir/home/evandro/pico/pico-sdk/src/rp2_common/hardware_irq/irq.c.obj
 *fill*         0x0000000010004d16        0x2 
 .rodata.__func__.4717
                0x0000000010004d18        0xc CMakeFiles/RaspberryPiPicoOS.dir/home/evandro/pico/pico-sdk/src/rp2_common/hardware_irq/irq.c.obj
 .rodata.__func__.4725
                0x0000000010004d24       0x17 CMakeFiles/RaspberryPiPicoOS.dir/home/evandro/pico/pico-sdk/src/rp2_common/hardware_irq/irq.c.obj
 *fill*         0x0000000010004d3b        0x1 
 .rodata.__func__.4729
                0x0000000010004d3c        0xf CMakeFiles/RaspberryPiPicoOS.dir/home/evandro/pico/pico-sdk/src/rp2_common/hardware_irq/irq.c.obj
 *fill*         0x0000000010004d4b        0x1 
 .rodata.__func__.4768
                0x0000000010004d4c       0x13 CMakeFiles/RaspberryPiPicoOS.dir/home/evandro/pico/pico-sdk/src/rp2_common/hardware_irq/irq.c.obj
 *fill*         0x0000000010004d5f        0x1 
 .rodata.__func__.4787
                0x0000000010004d60       0x1a CMakeFiles/RaspberryPiPicoOS.dir/home/evandro/pico/pico-sdk/src/rp2_common/hardware_irq/irq.c.obj
 *fill*         0x0000000010004d7a        0x2 
 .rodata.pll_init.str1.4
                0x0000000010004d7c       0xdb CMakeFiles/RaspberryPiPicoOS.dir/home/evandro/pico/pico-sdk/src/rp2_common/hardware_pll/pll.c.obj
 *fill*         0x0000000010004e57        0x1 
 .rodata.__func__.4402
                0x0000000010004e58        0x9 CMakeFiles/RaspberryPiPicoOS.dir/home/evandro/pico/pico-sdk/src/rp2_common/hardware_pll/pll.c.obj
 *fill*         0x0000000010004e61        0x3 
 .rodata._ftoa.str1.4
                0x0000000010004e64       0x15 CMakeFiles/RaspberryPiPicoOS.dir/home/evandro/pico/pico-sdk/src/rp2_common/pico_printf/printf.c.obj
 *fill*         0x0000000010004e79        0x3 
 .rodata._vsnprintf
                0x0000000010004e7c      0x1e0 CMakeFiles/RaspberryPiPicoOS.dir/home/evandro/pico/pico-sdk/src/rp2_common/pico_printf/printf.c.obj
 *fill*         0x000000001000505c        0x4 
 .rodata.pow10.5422
                0x0000000010005060       0x50 CMakeFiles/RaspberryPiPicoOS.dir/home/evandro/pico/pico-sdk/src/rp2_common/pico_printf/printf.c.obj
 .rodata.__aeabi_double_init.str1.4
                0x00000000100050b0       0xa9 CMakeFiles/RaspberryPiPicoOS.dir/home/evandro/pico/pico-sdk/src/rp2_common/pico_double/double_init_rom.c.obj
 *fill*         0x0000000010005159        0x3 
 .rodata.__func__.4668
                0x000000001000515c       0x14 CMakeFiles/RaspberryPiPicoOS.dir/home/evandro/pico/pico-sdk/src/rp2_common/pico_double/double_init_rom.c.obj
 .rodata.__aeabi_float_init.str1.4
                0x0000000010005170       0x7b CMakeFiles/RaspberryPiPicoOS.dir/home/evandro/pico/pico-sdk/src/rp2_common/pico_float/float_init_rom.c.obj
                                         0x7f (size before relaxing)
 *fill*         0x00000000100051eb        0x1 
 .rodata.__func__.4670
                0x00000000100051ec       0x13 CMakeFiles/RaspberryPiPicoOS.dir/home/evandro/pico/pico-sdk/src/rp2_common/pico_float/float_init_rom.c.obj
 *fill*         0x00000000100051ff        0x1 
 .rodata.str1.4
                0x0000000010005200       0x4c CMakeFiles/RaspberryPiPicoOS.dir/home/evandro/pico/pico-sdk/src/rp2_common/pico_standard_link/binary_info.c.obj
 .rodata.__bi_44
                0x000000001000524c        0xc CMakeFiles/RaspberryPiPicoOS.dir/home/evandro/pico/pico-sdk/src/rp2_common/pico_standard_link/binary_info.c.obj
 .rodata.__bi_56
                0x0000000010005258        0xc CMakeFiles/RaspberryPiPicoOS.dir/home/evandro/pico/pico-sdk/src/rp2_common/pico_standard_link/binary_info.c.obj
 .rodata.__bi_75
                0x0000000010005264        0xc CMakeFiles/RaspberryPiPicoOS.dir/home/evandro/pico/pico-sdk/src/rp2_common/pico_standard_link/binary_info.c.obj
 .rodata.__bi_81
                0x0000000010005270        0xc CMakeFiles/RaspberryPiPicoOS.dir/home/evandro/pico/pico-sdk/src/rp2_common/pico_standard_link/binary_info.c.obj
 .rodata.crlf_str.6010
                0x000000001000527c        0x2 CMakeFiles/RaspberryPiPicoOS.dir/home/evandro/pico/pico-sdk/src/rp2_common/pico_stdio/stdio.c.obj
 *fill*         0x000000001000527e        0x2 
 .rodata.str1.4
                0x0000000010005280       0x2c CMakeFiles/RaspberryPiPicoOS.dir/home/evandro/pico/pico-sdk/src/rp2_common/pico_stdio_uart/stdio_uart.c.obj
 .rodata.__bi_28.4739
                0x00000000100052ac        0xc CMakeFiles/RaspberryPiPicoOS.dir/home/evandro/pico/pico-sdk/src/rp2_common/pico_stdio_uart/stdio_uart.c.obj
 .rodata.__bi_29.4743
                0x00000000100052b8        0x8 CMakeFiles/RaspberryPiPicoOS.dir/home/evandro/pico/pico-sdk/src/rp2_common/pico_stdio_uart/stdio_uart.c.obj
 .rodata.multicore_lockout_start_block_until.str1.4
                0x00000000100052c0       0x5e CMakeFiles/RaspberryPiPicoOS.dir/home/evandro/pico/pico-sdk/src/rp2_common/pico_multicore/multicore.c.obj
 *fill*         0x000000001000531e        0x2 
 .rodata.multicore_launch_core1_with_stack.str1.4
                0x0000000010005320       0x19 CMakeFiles/RaspberryPiPicoOS.dir/home/evandro/pico/pico-sdk/src/rp2_common/pico_multicore/multicore.c.obj
 *fill*         0x0000000010005339        0x3 
 .rodata.__func__.4856
                0x000000001000533c       0x22 CMakeFiles/RaspberryPiPicoOS.dir/home/evandro/pico/pico-sdk/src/rp2_common/pico_multicore/multicore.c.obj
                0x0000000010005360                . = ALIGN (0x4)
 *fill*         0x000000001000535e        0x2 
 *(SORT_BY_ALIGNMENT(SORT_BY_NAME(.flashdata*)))
                0x0000000010005360                . = ALIGN (0x4)

.rel.dyn        0x0000000010005360        0x0
 .rel.iplt      0x0000000010005360        0x0 /usr/lib/gcc/arm-none-eabi/9.2.1/thumb/v6-m/nofp/crtbegin.o

.ARM.extab
 *(.ARM.extab* .gnu.linkonce.armextab.*)
                0x0000000010005360                __exidx_start = .

.ARM.exidx
 *(.ARM.exidx* .gnu.linkonce.armexidx.*)
                0x0000000010005360                __exidx_end = .
                0x0000000010005360                . = ALIGN (0x4)
                0x0000000010005360                __binary_info_start = .

.binary_info    0x0000000010005360       0x28
 *(.binary_info.keep.*)
 .binary_info.keep.__bi_ptr22
                0x0000000010005360        0x4 CMakeFiles/RaspberryPiPicoOS.dir/home/evandro/pico/pico-sdk/src/rp2_common/pico_standard_link/binary_info.c.obj
 .binary_info.keep.__bi_ptr30
                0x0000000010005364        0x4 CMakeFiles/RaspberryPiPicoOS.dir/home/evandro/pico/pico-sdk/src/rp2_common/pico_standard_link/binary_info.c.obj
 .binary_info.keep.__bi_ptr38
                0x0000000010005368        0x4 CMakeFiles/RaspberryPiPicoOS.dir/home/evandro/pico/pico-sdk/src/rp2_common/pico_standard_link/binary_info.c.obj
 .binary_info.keep.__bi_ptr44
                0x000000001000536c        0x4 CMakeFiles/RaspberryPiPicoOS.dir/home/evandro/pico/pico-sdk/src/rp2_common/pico_standard_link/binary_info.c.obj
 .binary_info.keep.__bi_ptr50
                0x0000000010005370        0x4 CMakeFiles/RaspberryPiPicoOS.dir/home/evandro/pico/pico-sdk/src/rp2_common/pico_standard_link/binary_info.c.obj
 .binary_info.keep.__bi_ptr56
                0x0000000010005374        0x4 CMakeFiles/RaspberryPiPicoOS.dir/home/evandro/pico/pico-sdk/src/rp2_common/pico_standard_link/binary_info.c.obj
 .binary_info.keep.__bi_ptr75
                0x0000000010005378        0x4 CMakeFiles/RaspberryPiPicoOS.dir/home/evandro/pico/pico-sdk/src/rp2_common/pico_standard_link/binary_info.c.obj
 .binary_info.keep.__bi_ptr81
                0x000000001000537c        0x4 CMakeFiles/RaspberryPiPicoOS.dir/home/evandro/pico/pico-sdk/src/rp2_common/pico_standard_link/binary_info.c.obj
 *(.binary_info.*)
 .binary_info.__bi_ptr28
                0x0000000010005380        0x4 CMakeFiles/RaspberryPiPicoOS.dir/home/evandro/pico/pico-sdk/src/rp2_common/pico_stdio_uart/stdio_uart.c.obj
 .binary_info.__bi_ptr29
                0x0000000010005384        0x4 CMakeFiles/RaspberryPiPicoOS.dir/home/evandro/pico/pico-sdk/src/rp2_common/pico_stdio_uart/stdio_uart.c.obj
                0x0000000010005388                __binary_info_end = .
                0x0000000010005388                . = ALIGN (0x4)
                0x0000000010005388                __etext = .

.ram_vector_table
                0x0000000020000000       0xc0
 *(.ram_vector_table)
 .ram_vector_table
                0x0000000020000000       0xc0 CMakeFiles/RaspberryPiPicoOS.dir/home/evandro/pico/pico-sdk/src/rp2_common/pico_runtime/runtime.c.obj
                0x0000000020000000                ram_vector_table

.data           0x00000000200000c0      0x26c load address 0x0000000010005388
                0x00000000200000c0                __data_start__ = .
 *(vtable)
 *(.time_critical*)
 .time_critical.mutex_enter_blocking
                0x00000000200000c0       0x94 CMakeFiles/RaspberryPiPicoOS.dir/home/evandro/pico/pico-sdk/src/common/pico_sync/mutex.c.obj
                0x00000000200000c0                mutex_enter_blocking
 .time_critical.mutex_try_enter
                0x0000000020000154       0x5a CMakeFiles/RaspberryPiPicoOS.dir/home/evandro/pico/pico-sdk/src/common/pico_sync/mutex.c.obj
                0x0000000020000154                mutex_try_enter
 *fill*         0x00000000200001ae        0x2 
 .time_critical.mutex_exit
                0x00000000200001b0       0x94 CMakeFiles/RaspberryPiPicoOS.dir/home/evandro/pico/pico-sdk/src/common/pico_sync/mutex.c.obj
                0x00000000200001b0                mutex_exit
 *(.text*)
 .text          0x0000000020000244        0x4 /usr/lib/gcc/arm-none-eabi/9.2.1/thumb/v6-m/nofp/libgcc.a(_dvmd_tls.o)
                0x0000000020000244                __aeabi_ldiv0
                0x0000000020000244                __aeabi_idiv0
 .text.__stub   0x0000000020000248       0x10 linker stubs
                0x0000000020000258                . = ALIGN (0x4)
 *(.rodata*)
                0x0000000020000258                . = ALIGN (0x4)
 *(.data*)
 .data.striped_spin_lock_num
                0x0000000020000258        0x1 CMakeFiles/RaspberryPiPicoOS.dir/home/evandro/pico/pico-sdk/src/rp2_common/hardware_sync/sync.c.obj
 *fill*         0x0000000020000259        0x3 
 .data.default_alarm_pool
                0x000000002000025c       0x18 CMakeFiles/RaspberryPiPicoOS.dir/home/evandro/pico/pico-sdk/src/common/pico_time/time.c.obj
 .data.default_alarm_pool_heap
                0x0000000020000274       0x10 CMakeFiles/RaspberryPiPicoOS.dir/home/evandro/pico/pico-sdk/src/common/pico_time/time.c.obj
 .data          0x0000000020000284       0x48 CMakeFiles/RaspberryPiPicoOS.dir/home/evandro/pico/pico-sdk/src/rp2_common/hardware_irq/irq_handler_chain.S.obj
                0x0000000020000284                irq_handler_chain_slots
                0x00000000200002b4                irq_handler_chain_first_slot
                0x00000000200002be                irq_handler_chain_remove_tail
 *fill*         0x00000000200002cc        0x4 
 .data.aeabi_bits_funcs
                0x00000000200002d0       0x10 CMakeFiles/RaspberryPiPicoOS.dir/home/evandro/pico/pico-sdk/src/rp2_common/pico_bit_ops/bit_ops_aeabi.S.obj
                0x00000000200002d0                aeabi_bits_funcs
                0x00000000200002e0                aeabi_bits_funcs_end
 .data.aeabi_mem_funcs
                0x00000000200002e0       0x10 CMakeFiles/RaspberryPiPicoOS.dir/home/evandro/pico/pico-sdk/src/rp2_common/pico_mem_ops/mem_ops_aeabi.S.obj
                0x00000000200002e0                aeabi_mem_funcs
                0x00000000200002f0                aeabi_mem_funcs_end
 .data.stdio_uart
                0x00000000200002f0       0x14 CMakeFiles/RaspberryPiPicoOS.dir/home/evandro/pico/pico-sdk/src/rp2_common/pico_stdio_uart/stdio_uart.c.obj
                0x00000000200002f0                stdio_uart
                0x0000000020000304                . = ALIGN (0x4)
 *(.after_data.*)
                0x0000000020000304                . = ALIGN (0x4)
                0x0000000020000304                PROVIDE (__mutex_array_start = .)
 *(SORT_BY_NAME(.mutex_array.*))
 *(.mutex_array)
 .mutex_array   0x0000000020000304        0x8 CMakeFiles/RaspberryPiPicoOS.dir/home/evandro/pico/pico-sdk/src/rp2_common/pico_malloc/pico_malloc.c.obj
 .mutex_array   0x000000002000030c        0x8 CMakeFiles/RaspberryPiPicoOS.dir/home/evandro/pico/pico-sdk/src/rp2_common/pico_stdio/stdio.c.obj
                0x0000000020000314                PROVIDE (__mutex_array_end = .)
                0x0000000020000314                . = ALIGN (0x4)
                0x0000000020000314                PROVIDE (__preinit_array_start = .)
 *(SORT_BY_NAME(.preinit_array.*))
 .preinit_array.00001
                0x0000000020000314        0x4 CMakeFiles/RaspberryPiPicoOS.dir/home/evandro/pico/pico-sdk/src/rp2_common/pico_mem_ops/mem_ops_aeabi.S.obj
 .preinit_array.00010
                0x0000000020000318        0x4 CMakeFiles/RaspberryPiPicoOS.dir/home/evandro/pico/pico-sdk/src/rp2_common/pico_bit_ops/bit_ops_aeabi.S.obj
 .preinit_array.00020
                0x000000002000031c        0x4 CMakeFiles/RaspberryPiPicoOS.dir/home/evandro/pico/pico-sdk/src/rp2_common/pico_double/double_aeabi.S.obj
 .preinit_array.00020
                0x0000000020000320        0x4 CMakeFiles/RaspberryPiPicoOS.dir/home/evandro/pico/pico-sdk/src/rp2_common/pico_float/float_aeabi.S.obj
 *(.preinit_array)
                0x0000000020000324                PROVIDE (__preinit_array_end = .)
                0x0000000020000324                . = ALIGN (0x4)
                0x0000000020000324                PROVIDE (__init_array_start = .)
 *(SORT_BY_NAME(.init_array.*))
 *(.init_array)
 .init_array    0x0000000020000324        0x4 /usr/lib/gcc/arm-none-eabi/9.2.1/thumb/v6-m/nofp/crtbegin.o
 .init_array    0x0000000020000328        0x4 CMakeFiles/RaspberryPiPicoOS.dir/Kernel.cpp.obj
                0x000000002000032c                PROVIDE (__init_array_end = .)
                0x000000002000032c                . = ALIGN (0x4)
                0x000000002000032c                PROVIDE (__fini_array_start = .)
 *(SORT_BY_NAME(.fini_array.*))
 *(.fini_array)
                0x000000002000032c                PROVIDE (__fini_array_end = .)
 *(.jcr)
                0x000000002000032c                . = ALIGN (0x4)
                0x000000002000032c                __data_end__ = .

.tm_clone_table
                0x000000002000032c        0x0 load address 0x00000000100055f4
 .tm_clone_table
                0x000000002000032c        0x0 /usr/lib/gcc/arm-none-eabi/9.2.1/thumb/v6-m/nofp/crtbegin.o
 .tm_clone_table
                0x000000002000032c        0x0 /usr/lib/gcc/arm-none-eabi/9.2.1/thumb/v6-m/nofp/crtend.o

.igot.plt       0x000000002000032c        0x0 load address 0x00000000100055f4
 .igot.plt      0x000000002000032c        0x0 /usr/lib/gcc/arm-none-eabi/9.2.1/thumb/v6-m/nofp/crtbegin.o

.uninitialized_data
                0x000000002000032c        0x0 load address 0x00000000100055f4
                0x000000002000032c                . = ALIGN (0x4)
 *(.uninitialized_data*)

.scratch_x      0x0000000020040000        0x0 load address 0x00000000100055f4
                0x0000000020040000                __scratch_x_start__ = .
 *(.scratch_x.*)
                0x0000000020040000                . = ALIGN (0x4)
                0x0000000020040000                __scratch_x_end__ = .
                0x00000000100055f4                __scratch_x_source__ = LOADADDR (.scratch_x)

.scratch_y      0x0000000020041000        0x0 load address 0x00000000100055f4
                0x0000000020041000                __scratch_y_start__ = .
 *(.scratch_y.*)
                0x0000000020041000                . = ALIGN (0x4)
                0x0000000020041000                __scratch_y_end__ = .
                0x00000000100055f4                __scratch_y_source__ = LOADADDR (.scratch_y)

.bss            0x0000000020000330      0x46c
                0x0000000020000330                . = ALIGN (0x4)
                0x0000000020000330                __bss_start__ = .
 *(SORT_BY_ALIGNMENT(SORT_BY_NAME(.bss*)))
 .bss.default_alarm_pool_entries
                0x0000000020000330      0x100 CMakeFiles/RaspberryPiPicoOS.dir/home/evandro/pico/pico-sdk/src/common/pico_time/time.c.obj
 .bss           0x0000000020000430       0x1c /usr/lib/gcc/arm-none-eabi/9.2.1/thumb/v6-m/nofp/crtbegin.o
 .bss.IrqSysTicks
                0x000000002000044c        0x4 CMakeFiles/RaspberryPiPicoOS.dir/Timer.cpp.obj
                0x000000002000044c                IrqSysTicks
 .bss.Parameters
                0x0000000020000450       0x84 CMakeFiles/RaspberryPiPicoOS.dir/Kernel.cpp.obj
                0x0000000020000450                Parameters
 .bss.PicoOs    0x00000000200004d4        0x1 CMakeFiles/RaspberryPiPicoOS.dir/Kernel.cpp.obj
                0x00000000200004d4                PicoOs
 *fill*         0x00000000200004d5        0x3 
 .bss.Ticks     0x00000000200004d8        0x4 CMakeFiles/RaspberryPiPicoOS.dir/Timer.cpp.obj
                0x00000000200004d8                Ticks
 .bss.TimeSysTicks
                0x00000000200004dc        0x1 CMakeFiles/RaspberryPiPicoOS.dir/Timer.cpp.obj
                0x00000000200004dc                TimeSysTicks
 *fill*         0x00000000200004dd        0x3 
 .bss.alarm_callbacks
                0x00000000200004e0       0x10 CMakeFiles/RaspberryPiPicoOS.dir/home/evandro/pico/pico-sdk/src/rp2_common/hardware_timer/timer.c.obj
 .bss.configured_freq
                0x00000000200004f0       0x28 CMakeFiles/RaspberryPiPicoOS.dir/home/evandro/pico/pico-sdk/src/rp2_common/hardware_clocks/clocks.c.obj
 .bss.default_alarm_pool_entry_ids_high
                0x0000000020000518       0x10 CMakeFiles/RaspberryPiPicoOS.dir/home/evandro/pico/pico-sdk/src/common/pico_time/time.c.obj
 .bss.default_alarm_pool_heap_nodes
                0x0000000020000528       0x30 CMakeFiles/RaspberryPiPicoOS.dir/home/evandro/pico/pico-sdk/src/common/pico_time/time.c.obj
 .bss.drivers   0x0000000020000558        0x4 CMakeFiles/RaspberryPiPicoOS.dir/home/evandro/pico/pico-sdk/src/rp2_common/pico_stdio/stdio.c.obj
 .bss.filter    0x000000002000055c        0x4 CMakeFiles/RaspberryPiPicoOS.dir/home/evandro/pico/pico-sdk/src/rp2_common/pico_stdio/stdio.c.obj
 .bss.pools     0x0000000020000560       0x10 CMakeFiles/RaspberryPiPicoOS.dir/home/evandro/pico/pico-sdk/src/common/pico_time/time.c.obj
 .bss.sleep_notifier
                0x0000000020000570        0x4 CMakeFiles/RaspberryPiPicoOS.dir/home/evandro/pico/pico-sdk/src/common/pico_time/time.c.obj
 .bss.target_hi
                0x0000000020000574       0x10 CMakeFiles/RaspberryPiPicoOS.dir/home/evandro/pico/pico-sdk/src/rp2_common/hardware_timer/timer.c.obj
 .bss.uart_instance
                0x0000000020000584        0x4 CMakeFiles/RaspberryPiPicoOS.dir/home/evandro/pico/pico-sdk/src/rp2_common/pico_stdio_uart/stdio_uart.c.obj
 .bss.IdTaskA   0x0000000020000588        0x1 CMakeFiles/RaspberryPiPicoOS.dir/main.cpp.obj
                0x0000000020000588                IdTaskA
 .bss.IdTaskB   0x0000000020000589        0x1 CMakeFiles/RaspberryPiPicoOS.dir/main.cpp.obj
                0x0000000020000589                IdTaskB
 .bss.IdTaskC   0x000000002000058a        0x1 CMakeFiles/RaspberryPiPicoOS.dir/main.cpp.obj
                0x000000002000058a                IdTaskC
 .bss.IdTaskD   0x000000002000058b        0x1 CMakeFiles/RaspberryPiPicoOS.dir/main.cpp.obj
                0x000000002000058b                IdTaskD
 .bss.IdTaskE   0x000000002000058c        0x1 CMakeFiles/RaspberryPiPicoOS.dir/main.cpp.obj
                0x000000002000058c                IdTaskE
 .bss.IdTaskF   0x000000002000058d        0x1 CMakeFiles/RaspberryPiPicoOS.dir/main.cpp.obj
                0x000000002000058d                IdTaskF
 .bss.claimed   0x000000002000058e        0x1 CMakeFiles/RaspberryPiPicoOS.dir/home/evandro/pico/pico-sdk/src/rp2_common/hardware_timer/timer.c.obj
 .bss.irq_hander_chain_free_slot_head
                0x000000002000058f        0x1 CMakeFiles/RaspberryPiPicoOS.dir/home/evandro/pico/pico-sdk/src/rp2_common/hardware_irq/irq.c.obj
 .bss.timer_callbacks_pending
                0x0000000020000590        0x1 CMakeFiles/RaspberryPiPicoOS.dir/home/evandro/pico/pico-sdk/src/rp2_common/hardware_timer/timer.c.obj
 *(COMMON)
 *fill*         0x0000000020000591        0x3 
 COMMON         0x0000000020000594        0x4 CMakeFiles/RaspberryPiPicoOS.dir/home/evandro/pico/pico-sdk/src/rp2_common/hardware_uart/uart.c.obj
                0x0000000020000594                uart_char_to_line_feed
 COMMON         0x0000000020000598      0x100 CMakeFiles/RaspberryPiPicoOS.dir/home/evandro/pico/pico-sdk/src/rp2_common/pico_double/double_init_rom.c.obj
                0x0000000020000598                sd_table
 COMMON         0x0000000020000698      0x104 CMakeFiles/RaspberryPiPicoOS.dir/home/evandro/pico/pico-sdk/src/rp2_common/pico_float/float_init_rom.c.obj
                0x0000000020000698                sf_table
                0x0000000020000798                sf_clz_func
                0x000000002000079c                . = ALIGN (0x4)
                0x000000002000079c                __bss_end__ = .

.heap           0x000000002000079c      0x800
                0x000000002000079c                __end__ = .
                0x000000002000079c                end = __end__
 *(.heap*)
 .heap          0x000000002000079c      0x800 CMakeFiles/RaspberryPiPicoOS.dir/home/evandro/pico/pico-sdk/src/rp2_common/pico_standard_link/crt0.S.obj
                0x0000000020000f9c                __HeapLimit = .

.stack1_dummy   0x0000000020040000      0x800
 *(.stack1*)
 .stack1        0x0000000020040000      0x800 CMakeFiles/RaspberryPiPicoOS.dir/home/evandro/pico/pico-sdk/src/rp2_common/pico_multicore/multicore.c.obj

.stack_dummy    0x0000000020041000      0x800
 *(.stack*)
 .stack         0x0000000020041000      0x800 CMakeFiles/RaspberryPiPicoOS.dir/home/evandro/pico/pico-sdk/src/rp2_common/pico_standard_link/crt0.S.obj

.flash_end      0x00000000100055f4        0x0
                0x00000000100055f4                __flash_binary_end = .
                0x0000000020040000                __StackLimit = (ORIGIN (RAM) + LENGTH (RAM))
                0x0000000020041000                __StackOneTop = (ORIGIN (SCRATCH_X) + LENGTH (SCRATCH_X))
                0x0000000020042000                __StackTop = (ORIGIN (SCRATCH_Y) + LENGTH (SCRATCH_Y))
                0x0000000020040800                __StackOneBottom = (__StackOneTop - SIZEOF (.stack1_dummy))
                0x0000000020041800                __StackBottom = (__StackTop - SIZEOF (.stack_dummy))
                0x0000000020042000                PROVIDE (__stack = __StackTop)
                0x0000000000000001                ASSERT ((__StackLimit >= __HeapLimit), region RAM overflowed)
                0x0000000000000001                ASSERT (((__binary_info_header_end - __logical_binary_start) <= 0x100), Binary info must be in first 256 bytes of the binary)
LOAD CMakeFiles/RaspberryPiPicoOS.dir/main.cpp.obj
LOAD CMakeFiles/RaspberryPiPicoOS.dir/Kernel.cpp.obj
LOAD CMakeFiles/RaspberryPiPicoOS.dir/Timer.cpp.obj
LOAD CMakeFiles/RaspberryPiPicoOS.dir/home/evandro/pico/pico-sdk/src/rp2_common/pico_stdlib/stdlib.c.obj
LOAD CMakeFiles/RaspberryPiPicoOS.dir/home/evandro/pico/pico-sdk/src/rp2_common/hardware_gpio/gpio.c.obj
LOAD CMakeFiles/RaspberryPiPicoOS.dir/home/evandro/pico/pico-sdk/src/rp2_common/hardware_claim/claim.c.obj
LOAD CMakeFiles/RaspberryPiPicoOS.dir/home/evandro/pico/pico-sdk/src/rp2_common/pico_platform/platform.c.obj
LOAD CMakeFiles/RaspberryPiPicoOS.dir/home/evandro/pico/pico-sdk/src/rp2_common/hardware_sync/sync.c.obj
LOAD CMakeFiles/RaspberryPiPicoOS.dir/home/evandro/pico/pico-sdk/src/rp2_common/hardware_uart/uart.c.obj
LOAD CMakeFiles/RaspberryPiPicoOS.dir/home/evandro/pico/pico-sdk/src/rp2_common/hardware_divider/divider.S.obj
LOAD CMakeFiles/RaspberryPiPicoOS.dir/home/evandro/pico/pico-sdk/src/common/pico_time/time.c.obj
LOAD CMakeFiles/RaspberryPiPicoOS.dir/home/evandro/pico/pico-sdk/src/common/pico_time/timeout_helper.c.obj
LOAD CMakeFiles/RaspberryPiPicoOS.dir/home/evandro/pico/pico-sdk/src/rp2_common/hardware_timer/timer.c.obj
LOAD CMakeFiles/RaspberryPiPicoOS.dir/home/evandro/pico/pico-sdk/src/common/pico_sync/sem.c.obj
LOAD CMakeFiles/RaspberryPiPicoOS.dir/home/evandro/pico/pico-sdk/src/common/pico_sync/lock_core.c.obj
LOAD CMakeFiles/RaspberryPiPicoOS.dir/home/evandro/pico/pico-sdk/src/common/pico_sync/mutex.c.obj
LOAD CMakeFiles/RaspberryPiPicoOS.dir/home/evandro/pico/pico-sdk/src/common/pico_sync/critical_section.c.obj
LOAD CMakeFiles/RaspberryPiPicoOS.dir/home/evandro/pico/pico-sdk/src/common/pico_util/datetime.c.obj
LOAD CMakeFiles/RaspberryPiPicoOS.dir/home/evandro/pico/pico-sdk/src/common/pico_util/pheap.c.obj
LOAD CMakeFiles/RaspberryPiPicoOS.dir/home/evandro/pico/pico-sdk/src/common/pico_util/queue.c.obj
LOAD CMakeFiles/RaspberryPiPicoOS.dir/home/evandro/pico/pico-sdk/src/rp2_common/pico_runtime/runtime.c.obj
LOAD CMakeFiles/RaspberryPiPicoOS.dir/home/evandro/pico/pico-sdk/src/rp2_common/hardware_clocks/clocks.c.obj
LOAD CMakeFiles/RaspberryPiPicoOS.dir/home/evandro/pico/pico-sdk/src/rp2_common/hardware_irq/irq.c.obj
LOAD CMakeFiles/RaspberryPiPicoOS.dir/home/evandro/pico/pico-sdk/src/rp2_common/hardware_irq/irq_handler_chain.S.obj
LOAD CMakeFiles/RaspberryPiPicoOS.dir/home/evandro/pico/pico-sdk/src/rp2_common/hardware_pll/pll.c.obj
LOAD CMakeFiles/RaspberryPiPicoOS.dir/home/evandro/pico/pico-sdk/src/rp2_common/hardware_vreg/vreg.c.obj
LOAD CMakeFiles/RaspberryPiPicoOS.dir/home/evandro/pico/pico-sdk/src/rp2_common/hardware_watchdog/watchdog.c.obj
LOAD CMakeFiles/RaspberryPiPicoOS.dir/home/evandro/pico/pico-sdk/src/rp2_common/hardware_xosc/xosc.c.obj
LOAD CMakeFiles/RaspberryPiPicoOS.dir/home/evandro/pico/pico-sdk/src/rp2_common/pico_printf/printf.c.obj
LOAD CMakeFiles/RaspberryPiPicoOS.dir/home/evandro/pico/pico-sdk/src/rp2_common/pico_bit_ops/bit_ops_aeabi.S.obj
LOAD CMakeFiles/RaspberryPiPicoOS.dir/home/evandro/pico/pico-sdk/src/rp2_common/pico_bootrom/bootrom.c.obj
LOAD CMakeFiles/RaspberryPiPicoOS.dir/home/evandro/pico/pico-sdk/src/rp2_common/pico_divider/divider.S.obj
LOAD CMakeFiles/RaspberryPiPicoOS.dir/home/evandro/pico/pico-sdk/src/rp2_common/pico_double/double_aeabi.S.obj
LOAD CMakeFiles/RaspberryPiPicoOS.dir/home/evandro/pico/pico-sdk/src/rp2_common/pico_double/double_init_rom.c.obj
LOAD CMakeFiles/RaspberryPiPicoOS.dir/home/evandro/pico/pico-sdk/src/rp2_common/pico_double/double_math.c.obj
LOAD CMakeFiles/RaspberryPiPicoOS.dir/home/evandro/pico/pico-sdk/src/rp2_common/pico_double/double_v1_rom_shim.S.obj
LOAD CMakeFiles/RaspberryPiPicoOS.dir/home/evandro/pico/pico-sdk/src/rp2_common/pico_int64_ops/pico_int64_ops_aeabi.S.obj
LOAD CMakeFiles/RaspberryPiPicoOS.dir/home/evandro/pico/pico-sdk/src/rp2_common/pico_float/float_aeabi.S.obj
LOAD CMakeFiles/RaspberryPiPicoOS.dir/home/evandro/pico/pico-sdk/src/rp2_common/pico_float/float_init_rom.c.obj
LOAD CMakeFiles/RaspberryPiPicoOS.dir/home/evandro/pico/pico-sdk/src/rp2_common/pico_float/float_math.c.obj
LOAD CMakeFiles/RaspberryPiPicoOS.dir/home/evandro/pico/pico-sdk/src/rp2_common/pico_float/float_v1_rom_shim.S.obj
LOAD CMakeFiles/RaspberryPiPicoOS.dir/home/evandro/pico/pico-sdk/src/rp2_common/pico_malloc/pico_malloc.c.obj
LOAD CMakeFiles/RaspberryPiPicoOS.dir/home/evandro/pico/pico-sdk/src/rp2_common/pico_mem_ops/mem_ops_aeabi.S.obj
LOAD CMakeFiles/RaspberryPiPicoOS.dir/home/evandro/pico/pico-sdk/src/rp2_common/pico_standard_link/crt0.S.obj
LOAD CMakeFiles/RaspberryPiPicoOS.dir/home/evandro/pico/pico-sdk/src/rp2_common/pico_standard_link/new_delete.cpp.obj
LOAD CMakeFiles/RaspberryPiPicoOS.dir/home/evandro/pico/pico-sdk/src/rp2_common/pico_standard_link/binary_info.c.obj
LOAD CMakeFiles/RaspberryPiPicoOS.dir/home/evandro/pico/pico-sdk/src/rp2_common/pico_stdio/stdio.c.obj
LOAD CMakeFiles/RaspberryPiPicoOS.dir/home/evandro/pico/pico-sdk/src/rp2_common/pico_stdio_uart/stdio_uart.c.obj
LOAD CMakeFiles/RaspberryPiPicoOS.dir/home/evandro/pico/pico-sdk/src/rp2_common/pico_multicore/multicore.c.obj
LOAD /tmp/cc2PT8RQ.o
LOAD /usr/lib/gcc/arm-none-eabi/9.2.1/../../../arm-none-eabi/lib/thumb/v6-m/nofp/libstdc++.a
LOAD /usr/lib/gcc/arm-none-eabi/9.2.1/../../../arm-none-eabi/lib/thumb/v6-m/nofp/libm.a
START GROUP
LOAD /usr/lib/gcc/arm-none-eabi/9.2.1/thumb/v6-m/nofp/libgcc.a
LOAD /usr/lib/gcc/arm-none-eabi/9.2.1/../../../arm-none-eabi/lib/thumb/v6-m/nofp/libg.a
LOAD /usr/lib/gcc/arm-none-eabi/9.2.1/../../../arm-none-eabi/lib/thumb/v6-m/nofp/libc.a
END GROUP
START GROUP
LOAD /usr/lib/gcc/arm-none-eabi/9.2.1/thumb/v6-m/nofp/libgcc.a
LOAD /usr/lib/gcc/arm-none-eabi/9.2.1/../../../arm-none-eabi/lib/thumb/v6-m/nofp/libc.a
LOAD /usr/lib/gcc/arm-none-eabi/9.2.1/../../../arm-none-eabi/lib/thumb/v6-m/nofp/libnosys.a
END GROUP
LOAD /usr/lib/gcc/arm-none-eabi/9.2.1/thumb/v6-m/nofp/crtend.o
LOAD /usr/lib/gcc/arm-none-eabi/9.2.1/thumb/v6-m/nofp/crtn.o
OUTPUT(RaspberryPiPicoOS.elf elf32-littlearm)
LOAD linker stubs

.ARM.attributes
                0x0000000000000000       0x28
 .ARM.attributes
                0x0000000000000000       0x1e /usr/lib/gcc/arm-none-eabi/9.2.1/thumb/v6-m/nofp/crti.o
 .ARM.attributes
                0x000000000000001e       0x2c /usr/lib/gcc/arm-none-eabi/9.2.1/thumb/v6-m/nofp/crtbegin.o
 .ARM.attributes
                0x000000000000004a       0x2c CMakeFiles/RaspberryPiPicoOS.dir/main.cpp.obj
 .ARM.attributes
                0x0000000000000076       0x2c CMakeFiles/RaspberryPiPicoOS.dir/Kernel.cpp.obj
 .ARM.attributes
                0x00000000000000a2       0x2c CMakeFiles/RaspberryPiPicoOS.dir/Timer.cpp.obj
 .ARM.attributes
                0x00000000000000ce       0x2c CMakeFiles/RaspberryPiPicoOS.dir/home/evandro/pico/pico-sdk/src/rp2_common/hardware_gpio/gpio.c.obj
 .ARM.attributes
                0x00000000000000fa       0x2c CMakeFiles/RaspberryPiPicoOS.dir/home/evandro/pico/pico-sdk/src/rp2_common/hardware_claim/claim.c.obj
 .ARM.attributes
                0x0000000000000126       0x2c CMakeFiles/RaspberryPiPicoOS.dir/home/evandro/pico/pico-sdk/src/rp2_common/pico_platform/platform.c.obj
 .ARM.attributes
                0x0000000000000152       0x2c CMakeFiles/RaspberryPiPicoOS.dir/home/evandro/pico/pico-sdk/src/rp2_common/hardware_sync/sync.c.obj
 .ARM.attributes
                0x000000000000017e       0x2c CMakeFiles/RaspberryPiPicoOS.dir/home/evandro/pico/pico-sdk/src/rp2_common/hardware_uart/uart.c.obj
 .ARM.attributes
                0x00000000000001aa       0x2c CMakeFiles/RaspberryPiPicoOS.dir/home/evandro/pico/pico-sdk/src/common/pico_time/time.c.obj
 .ARM.attributes
                0x00000000000001d6       0x2c CMakeFiles/RaspberryPiPicoOS.dir/home/evandro/pico/pico-sdk/src/rp2_common/hardware_timer/timer.c.obj
 .ARM.attributes
                0x0000000000000202       0x2c CMakeFiles/RaspberryPiPicoOS.dir/home/evandro/pico/pico-sdk/src/common/pico_sync/lock_core.c.obj
 .ARM.attributes
                0x000000000000022e       0x2c CMakeFiles/RaspberryPiPicoOS.dir/home/evandro/pico/pico-sdk/src/common/pico_sync/mutex.c.obj
 .ARM.attributes
                0x000000000000025a       0x2c CMakeFiles/RaspberryPiPicoOS.dir/home/evandro/pico/pico-sdk/src/common/pico_util/pheap.c.obj
 .ARM.attributes
                0x0000000000000286       0x2c CMakeFiles/RaspberryPiPicoOS.dir/home/evandro/pico/pico-sdk/src/rp2_common/pico_runtime/runtime.c.obj
 .ARM.attributes
                0x00000000000002b2       0x2c CMakeFiles/RaspberryPiPicoOS.dir/home/evandro/pico/pico-sdk/src/rp2_common/hardware_clocks/clocks.c.obj
 .ARM.attributes
                0x00000000000002de       0x2c CMakeFiles/RaspberryPiPicoOS.dir/home/evandro/pico/pico-sdk/src/rp2_common/hardware_irq/irq.c.obj
 .ARM.attributes
                0x000000000000030a       0x22 CMakeFiles/RaspberryPiPicoOS.dir/home/evandro/pico/pico-sdk/src/rp2_common/hardware_irq/irq_handler_chain.S.obj
 .ARM.attributes
                0x000000000000032c       0x2c CMakeFiles/RaspberryPiPicoOS.dir/home/evandro/pico/pico-sdk/src/rp2_common/hardware_pll/pll.c.obj
 .ARM.attributes
                0x0000000000000358       0x2c CMakeFiles/RaspberryPiPicoOS.dir/home/evandro/pico/pico-sdk/src/rp2_common/hardware_watchdog/watchdog.c.obj
 .ARM.attributes
                0x0000000000000384       0x2c CMakeFiles/RaspberryPiPicoOS.dir/home/evandro/pico/pico-sdk/src/rp2_common/hardware_xosc/xosc.c.obj
 .ARM.attributes
                0x00000000000003b0       0x2c CMakeFiles/RaspberryPiPicoOS.dir/home/evandro/pico/pico-sdk/src/rp2_common/pico_printf/printf.c.obj
 .ARM.attributes
                0x00000000000003dc       0x22 CMakeFiles/RaspberryPiPicoOS.dir/home/evandro/pico/pico-sdk/src/rp2_common/pico_bit_ops/bit_ops_aeabi.S.obj
 .ARM.attributes
                0x00000000000003fe       0x2c CMakeFiles/RaspberryPiPicoOS.dir/home/evandro/pico/pico-sdk/src/rp2_common/pico_bootrom/bootrom.c.obj
 .ARM.attributes
                0x000000000000042a       0x22 CMakeFiles/RaspberryPiPicoOS.dir/home/evandro/pico/pico-sdk/src/rp2_common/pico_divider/divider.S.obj
 .ARM.attributes
                0x000000000000044c       0x22 CMakeFiles/RaspberryPiPicoOS.dir/home/evandro/pico/pico-sdk/src/rp2_common/pico_double/double_aeabi.S.obj
 .ARM.attributes
                0x000000000000046e       0x2c CMakeFiles/RaspberryPiPicoOS.dir/home/evandro/pico/pico-sdk/src/rp2_common/pico_double/double_init_rom.c.obj
 .ARM.attributes
                0x000000000000049a       0x22 CMakeFiles/RaspberryPiPicoOS.dir/home/evandro/pico/pico-sdk/src/rp2_common/pico_double/double_v1_rom_shim.S.obj
 .ARM.attributes
                0x00000000000004bc       0x22 CMakeFiles/RaspberryPiPicoOS.dir/home/evandro/pico/pico-sdk/src/rp2_common/pico_float/float_aeabi.S.obj
 .ARM.attributes
                0x00000000000004de       0x2c CMakeFiles/RaspberryPiPicoOS.dir/home/evandro/pico/pico-sdk/src/rp2_common/pico_float/float_init_rom.c.obj
 .ARM.attributes
                0x000000000000050a       0x22 CMakeFiles/RaspberryPiPicoOS.dir/home/evandro/pico/pico-sdk/src/rp2_common/pico_float/float_v1_rom_shim.S.obj
 .ARM.attributes
                0x000000000000052c       0x2c CMakeFiles/RaspberryPiPicoOS.dir/home/evandro/pico/pico-sdk/src/rp2_common/pico_malloc/pico_malloc.c.obj
 .ARM.attributes
                0x0000000000000558       0x22 CMakeFiles/RaspberryPiPicoOS.dir/home/evandro/pico/pico-sdk/src/rp2_common/pico_mem_ops/mem_ops_aeabi.S.obj
 .ARM.attributes
                0x000000000000057a       0x22 CMakeFiles/RaspberryPiPicoOS.dir/home/evandro/pico/pico-sdk/src/rp2_common/pico_standard_link/crt0.S.obj
 .ARM.attributes
                0x000000000000059c       0x32 CMakeFiles/RaspberryPiPicoOS.dir/home/evandro/pico/pico-sdk/src/rp2_common/pico_standard_link/binary_info.c.obj
 .ARM.attributes
                0x00000000000005ce       0x2c CMakeFiles/RaspberryPiPicoOS.dir/home/evandro/pico/pico-sdk/src/rp2_common/pico_stdio/stdio.c.obj
 .ARM.attributes
                0x00000000000005fa       0x2c CMakeFiles/RaspberryPiPicoOS.dir/home/evandro/pico/pico-sdk/src/rp2_common/pico_stdio_uart/stdio_uart.c.obj
 .ARM.attributes
                0x0000000000000626       0x2c CMakeFiles/RaspberryPiPicoOS.dir/home/evandro/pico/pico-sdk/src/rp2_common/pico_multicore/multicore.c.obj
 .ARM.attributes
                0x0000000000000652       0x22 /tmp/cc2PT8RQ.o
 .ARM.attributes
                0x0000000000000674       0x1e /usr/lib/gcc/arm-none-eabi/9.2.1/thumb/v6-m/nofp/libgcc.a(_dvmd_tls.o)
 .ARM.attributes
                0x0000000000000692       0x2c /usr/lib/gcc/arm-none-eabi/9.2.1/../../../arm-none-eabi/lib/thumb/v6-m/nofp/libg.a(lib_a-strlen-stub.o)
 .ARM.attributes
                0x00000000000006be       0x2c /usr/lib/gcc/arm-none-eabi/9.2.1/thumb/v6-m/nofp/crtend.o

.comment        0x0000000000000000       0xa7
 .comment       0x0000000000000000       0x59 /usr/lib/gcc/arm-none-eabi/9.2.1/thumb/v6-m/nofp/crtbegin.o
                                         0x5a (size before relaxing)
 .comment       0x0000000000000059       0x5a CMakeFiles/RaspberryPiPicoOS.dir/main.cpp.obj
 .comment       0x0000000000000059       0x5a CMakeFiles/RaspberryPiPicoOS.dir/Kernel.cpp.obj
 .comment       0x0000000000000059       0x5a CMakeFiles/RaspberryPiPicoOS.dir/Timer.cpp.obj
 .comment       0x0000000000000059       0x5a CMakeFiles/RaspberryPiPicoOS.dir/home/evandro/pico/pico-sdk/src/rp2_common/hardware_gpio/gpio.c.obj
 .comment       0x0000000000000059       0x5a CMakeFiles/RaspberryPiPicoOS.dir/home/evandro/pico/pico-sdk/src/rp2_common/hardware_claim/claim.c.obj
 .comment       0x0000000000000059       0x5a CMakeFiles/RaspberryPiPicoOS.dir/home/evandro/pico/pico-sdk/src/rp2_common/pico_platform/platform.c.obj
 .comment       0x0000000000000059       0x5a CMakeFiles/RaspberryPiPicoOS.dir/home/evandro/pico/pico-sdk/src/rp2_common/hardware_sync/sync.c.obj
 .comment       0x0000000000000059       0x5a CMakeFiles/RaspberryPiPicoOS.dir/home/evandro/pico/pico-sdk/src/rp2_common/hardware_uart/uart.c.obj
 .comment       0x0000000000000059       0x5a CMakeFiles/RaspberryPiPicoOS.dir/home/evandro/pico/pico-sdk/src/common/pico_time/time.c.obj
 .comment       0x0000000000000059       0x5a CMakeFiles/RaspberryPiPicoOS.dir/home/evandro/pico/pico-sdk/src/rp2_common/hardware_timer/timer.c.obj
 .comment       0x0000000000000059       0x5a CMakeFiles/RaspberryPiPicoOS.dir/home/evandro/pico/pico-sdk/src/common/pico_sync/lock_core.c.obj
 .comment       0x0000000000000059       0x5a CMakeFiles/RaspberryPiPicoOS.dir/home/evandro/pico/pico-sdk/src/common/pico_sync/mutex.c.obj
 .comment       0x0000000000000059       0x5a CMakeFiles/RaspberryPiPicoOS.dir/home/evandro/pico/pico-sdk/src/common/pico_util/pheap.c.obj
 .comment       0x0000000000000059       0x5a CMakeFiles/RaspberryPiPicoOS.dir/home/evandro/pico/pico-sdk/src/rp2_common/pico_runtime/runtime.c.obj
 .comment       0x0000000000000059       0x5a CMakeFiles/RaspberryPiPicoOS.dir/home/evandro/pico/pico-sdk/src/rp2_common/hardware_clocks/clocks.c.obj
 .comment       0x0000000000000059       0x5a CMakeFiles/RaspberryPiPicoOS.dir/home/evandro/pico/pico-sdk/src/rp2_common/hardware_irq/irq.c.obj
 .comment       0x0000000000000059       0x5a CMakeFiles/RaspberryPiPicoOS.dir/home/evandro/pico/pico-sdk/src/rp2_common/hardware_pll/pll.c.obj
 .comment       0x0000000000000059       0x5a CMakeFiles/RaspberryPiPicoOS.dir/home/evandro/pico/pico-sdk/src/rp2_common/hardware_watchdog/watchdog.c.obj
 .comment       0x0000000000000059       0x5a CMakeFiles/RaspberryPiPicoOS.dir/home/evandro/pico/pico-sdk/src/rp2_common/hardware_xosc/xosc.c.obj
 .comment       0x0000000000000059       0x5a CMakeFiles/RaspberryPiPicoOS.dir/home/evandro/pico/pico-sdk/src/rp2_common/pico_printf/printf.c.obj
 .comment       0x0000000000000059       0x5a CMakeFiles/RaspberryPiPicoOS.dir/home/evandro/pico/pico-sdk/src/rp2_common/pico_bootrom/bootrom.c.obj
 .comment       0x0000000000000059       0x5a CMakeFiles/RaspberryPiPicoOS.dir/home/evandro/pico/pico-sdk/src/rp2_common/pico_double/double_init_rom.c.obj
 .comment       0x0000000000000059       0x5a CMakeFiles/RaspberryPiPicoOS.dir/home/evandro/pico/pico-sdk/src/rp2_common/pico_float/float_init_rom.c.obj
 .comment       0x0000000000000059       0x5a CMakeFiles/RaspberryPiPicoOS.dir/home/evandro/pico/pico-sdk/src/rp2_common/pico_malloc/pico_malloc.c.obj
 .comment       0x0000000000000059       0x5a CMakeFiles/RaspberryPiPicoOS.dir/home/evandro/pico/pico-sdk/src/rp2_common/pico_standard_link/binary_info.c.obj
 .comment       0x0000000000000059       0x5a CMakeFiles/RaspberryPiPicoOS.dir/home/evandro/pico/pico-sdk/src/rp2_common/pico_stdio/stdio.c.obj
 .comment       0x0000000000000059       0x5a CMakeFiles/RaspberryPiPicoOS.dir/home/evandro/pico/pico-sdk/src/rp2_common/pico_stdio_uart/stdio_uart.c.obj
 .comment       0x0000000000000059       0x5a CMakeFiles/RaspberryPiPicoOS.dir/home/evandro/pico/pico-sdk/src/rp2_common/pico_multicore/multicore.c.obj
 .comment       0x0000000000000059       0x4e /usr/lib/gcc/arm-none-eabi/9.2.1/../../../arm-none-eabi/lib/thumb/v6-m/nofp/libg.a(lib_a-strlen-stub.o)
                                         0x4f (size before relaxing)
 .comment       0x00000000000000a7       0x5a /usr/lib/gcc/arm-none-eabi/9.2.1/thumb/v6-m/nofp/crtend.o

.debug_info     0x0000000000000000    0x1b943
 .debug_info    0x0000000000000000      0xf45 CMakeFiles/RaspberryPiPicoOS.dir/main.cpp.obj
 .debug_info    0x0000000000000f45     0x123e CMakeFiles/RaspberryPiPicoOS.dir/Kernel.cpp.obj
 .debug_info    0x0000000000002183      0x29b CMakeFiles/RaspberryPiPicoOS.dir/Timer.cpp.obj
 .debug_info    0x000000000000241e     0x144d CMakeFiles/RaspberryPiPicoOS.dir/home/evandro/pico/pico-sdk/src/rp2_common/hardware_gpio/gpio.c.obj
 .debug_info    0x000000000000386b      0x6a2 CMakeFiles/RaspberryPiPicoOS.dir/home/evandro/pico/pico-sdk/src/rp2_common/hardware_claim/claim.c.obj
 .debug_info    0x0000000000003f0d      0x1cb CMakeFiles/RaspberryPiPicoOS.dir/home/evandro/pico/pico-sdk/src/rp2_common/pico_platform/platform.c.obj
 .debug_info    0x00000000000040d8      0x576 CMakeFiles/RaspberryPiPicoOS.dir/home/evandro/pico/pico-sdk/src/rp2_common/hardware_sync/sync.c.obj
 .debug_info    0x000000000000464e      0xb2d CMakeFiles/RaspberryPiPicoOS.dir/home/evandro/pico/pico-sdk/src/rp2_common/hardware_uart/uart.c.obj
 .debug_info    0x000000000000517b     0x4352 CMakeFiles/RaspberryPiPicoOS.dir/home/evandro/pico/pico-sdk/src/common/pico_time/time.c.obj
 .debug_info    0x00000000000094cd     0x10e2 CMakeFiles/RaspberryPiPicoOS.dir/home/evandro/pico/pico-sdk/src/rp2_common/hardware_timer/timer.c.obj
 .debug_info    0x000000000000a5af      0x1e4 CMakeFiles/RaspberryPiPicoOS.dir/home/evandro/pico/pico-sdk/src/common/pico_sync/lock_core.c.obj
 .debug_info    0x000000000000a793     0x1384 CMakeFiles/RaspberryPiPicoOS.dir/home/evandro/pico/pico-sdk/src/common/pico_sync/mutex.c.obj
 .debug_info    0x000000000000bb17     0x1aa5 CMakeFiles/RaspberryPiPicoOS.dir/home/evandro/pico/pico-sdk/src/common/pico_util/pheap.c.obj
 .debug_info    0x000000000000d5bc     0x128a CMakeFiles/RaspberryPiPicoOS.dir/home/evandro/pico/pico-sdk/src/rp2_common/pico_runtime/runtime.c.obj
 .debug_info    0x000000000000e846      0xeec CMakeFiles/RaspberryPiPicoOS.dir/home/evandro/pico/pico-sdk/src/rp2_common/hardware_clocks/clocks.c.obj
 .debug_info    0x000000000000f732     0x190c CMakeFiles/RaspberryPiPicoOS.dir/home/evandro/pico/pico-sdk/src/rp2_common/hardware_irq/irq.c.obj
 .debug_info    0x000000000001103e       0x26 CMakeFiles/RaspberryPiPicoOS.dir/home/evandro/pico/pico-sdk/src/rp2_common/hardware_irq/irq_handler_chain.S.obj
 .debug_info    0x0000000000011064      0x4d6 CMakeFiles/RaspberryPiPicoOS.dir/home/evandro/pico/pico-sdk/src/rp2_common/hardware_pll/pll.c.obj
 .debug_info    0x000000000001153a      0xd2c CMakeFiles/RaspberryPiPicoOS.dir/home/evandro/pico/pico-sdk/src/rp2_common/hardware_watchdog/watchdog.c.obj
 .debug_info    0x0000000000012266      0x1c5 CMakeFiles/RaspberryPiPicoOS.dir/home/evandro/pico/pico-sdk/src/rp2_common/hardware_xosc/xosc.c.obj
 .debug_info    0x000000000001242b     0x1fbf CMakeFiles/RaspberryPiPicoOS.dir/home/evandro/pico/pico-sdk/src/rp2_common/pico_printf/printf.c.obj
 .debug_info    0x00000000000143ea       0x22 CMakeFiles/RaspberryPiPicoOS.dir/home/evandro/pico/pico-sdk/src/rp2_common/pico_bit_ops/bit_ops_aeabi.S.obj
 .debug_info    0x000000000001440c      0x20d CMakeFiles/RaspberryPiPicoOS.dir/home/evandro/pico/pico-sdk/src/rp2_common/pico_bootrom/bootrom.c.obj
 .debug_info    0x0000000000014619       0x22 CMakeFiles/RaspberryPiPicoOS.dir/home/evandro/pico/pico-sdk/src/rp2_common/pico_divider/divider.S.obj
 .debug_info    0x000000000001463b       0x22 CMakeFiles/RaspberryPiPicoOS.dir/home/evandro/pico/pico-sdk/src/rp2_common/pico_double/double_aeabi.S.obj
 .debug_info    0x000000000001465d      0xaf9 CMakeFiles/RaspberryPiPicoOS.dir/home/evandro/pico/pico-sdk/src/rp2_common/pico_double/double_init_rom.c.obj
 .debug_info    0x0000000000015156       0x22 CMakeFiles/RaspberryPiPicoOS.dir/home/evandro/pico/pico-sdk/src/rp2_common/pico_double/double_v1_rom_shim.S.obj
 .debug_info    0x0000000000015178       0x22 CMakeFiles/RaspberryPiPicoOS.dir/home/evandro/pico/pico-sdk/src/rp2_common/pico_float/float_aeabi.S.obj
 .debug_info    0x000000000001519a      0xb42 CMakeFiles/RaspberryPiPicoOS.dir/home/evandro/pico/pico-sdk/src/rp2_common/pico_float/float_init_rom.c.obj
 .debug_info    0x0000000000015cdc       0x22 CMakeFiles/RaspberryPiPicoOS.dir/home/evandro/pico/pico-sdk/src/rp2_common/pico_float/float_v1_rom_shim.S.obj
 .debug_info    0x0000000000015cfe      0xcd9 CMakeFiles/RaspberryPiPicoOS.dir/home/evandro/pico/pico-sdk/src/rp2_common/pico_malloc/pico_malloc.c.obj
 .debug_info    0x00000000000169d7       0x22 CMakeFiles/RaspberryPiPicoOS.dir/home/evandro/pico/pico-sdk/src/rp2_common/pico_mem_ops/mem_ops_aeabi.S.obj
 .debug_info    0x00000000000169f9       0x22 CMakeFiles/RaspberryPiPicoOS.dir/home/evandro/pico/pico-sdk/src/rp2_common/pico_standard_link/crt0.S.obj
 .debug_info    0x0000000000016a1b      0x2f7 CMakeFiles/RaspberryPiPicoOS.dir/home/evandro/pico/pico-sdk/src/rp2_common/pico_standard_link/binary_info.c.obj
 .debug_info    0x0000000000016d12     0x19f9 CMakeFiles/RaspberryPiPicoOS.dir/home/evandro/pico/pico-sdk/src/rp2_common/pico_stdio/stdio.c.obj
 .debug_info    0x000000000001870b      0xbf9 CMakeFiles/RaspberryPiPicoOS.dir/home/evandro/pico/pico-sdk/src/rp2_common/pico_stdio_uart/stdio_uart.c.obj
 .debug_info    0x0000000000019304     0x1ca6 CMakeFiles/RaspberryPiPicoOS.dir/home/evandro/pico/pico-sdk/src/rp2_common/pico_multicore/multicore.c.obj
 .debug_info    0x000000000001afaa       0x26 /usr/lib/gcc/arm-none-eabi/9.2.1/thumb/v6-m/nofp/libgcc.a(_dvmd_tls.o)